ARM Linker, 4.1 [Build 481] [Standard]

==============================================================================

Section Cross References

    main.o(.text) refers to radio_api.o(.text) for delay_ms
    main.o(.text) refers to rt_memclr_w.o(.text) for __aeabi_memclr4
    main.o(.text) refers to lcd_tft.o(.text) for Lcd_TFT_Init
    main.o(.text) refers to eint.o(.text) for eint0_init
    main.o(.text) refers to io_api.o(.text) for SetGPIO
    main.o(.text) refers to main.o(.constdata) for .constdata
    main.o(.text) refers to main.o(.data) for temp
    timer.o(.text) refers to aeabi_sdiv.o(.text_udiv) for __aeabi_uidivmod
    timer.o(.text) refers to timer.o(.data) for i
    timer.o(.text) refers to main.o(.data) for PCLK
    2440init.o(RESET) refers (Special) to 2440slib.o(C$$code) for MMU_SetAsyncBusMode
    2440init.o(RESET) refers to main.o(.text) for Main
    2440init.o(RamData) refers (Special) to 2440slib.o(C$$code) for MMU_SetAsyncBusMode
    2440lib.o(.text) refers to aeabi_sdiv.o(.text_udiv) for __aeabi_uidivmod
    2440lib.o(.text) refers to dflt_noclz.o(x$fpl$dflt) for __aeabi_i2d
    2440lib.o(.text) refers to ddiv.o(x$fpl$ddiv) for __aeabi_ddiv
    2440lib.o(.text) refers to daddsub_noclz.o(x$fpl$dadd) for __aeabi_dadd
    2440lib.o(.text) refers to dfix.o(x$fpl$dfix) for __aeabi_d2iz
    2440lib.o(.text) refers to c89vsprintf.o(.text) for __c89vsprintf
    2440lib.o(.text) refers to strlen.o(.text) for strlen
    2440lib.o(.text) refers to atoi.o(.text) for atoi
    2440lib.o(.text) refers to rt_ctype_table.o(.text) for __rt_ctype_table
    2440lib.o(.text) refers to main.o(.data) for PCLK
    2440lib.o(.text) refers to 2440lib.o(.data) for whichUart
    2440lib.o(.text) refers to 2440slib.o(C$$code) for MMU_SetAsyncBusMode
    mmu.o(.text) refers to 2440slib.o(C$$code) for MMU_DisableDCache
    mmu.o(.text) refers to 2440init.o(RESET) for __ENTRY
    target.o(.text) refers to aeabi_sdiv.o(.text) for __aeabi_idivmod
    target.o(.text) refers to aeabi_sdiv.o(.text_udiv) for __aeabi_uidivmod
    target.o(.text) refers to 2440lib.o(.text) for ChangeMPllValue
    target.o(.text) refers to mmu.o(.text) for MMU_Init
    target.o(.text) refers to main.o(.data) for FCLK
    target.o(.text) refers to target.o(.data) for cpu_freq
    lcd_tft.o(.text) refers to 2440slib.o(C$$code) for SET_IF
    lcd_tft.o(.text) refers to 2440lib.o(.text) for LcdBkLtSet
    lcd_tft.o(.text) refers to lcd_tft.o(.bss) for LCD_BUFFER
    graph.o(.text) refers to lcd_tft.o(.text) for PutPixel
    eint.o(.text) refers to lcd_tft.o(.text) for Lcd_ClearScr
    eint.o(.text) refers to aeabi_sdiv.o(.text_udiv) for __aeabi_uidivmod
    eint.o(.text) refers to eint.o(.data) for key_val
    io_api.o(.text) refers to io_api.o(.data) for GPIO_LUT
    radio_api.o(.text) refers to fm_i2c.o(.text) for BEKEN_I2C_Start
    radio_api.o(.text) refers to aeabi_sdiv.o(.text_udiv) for __aeabi_uidivmod
    radio_api.o(.text) refers to radio_api.o(.data) for StereoMonoMode
    fm_i2c.o(.text) refers to io_api.o(.text) for Set_GPIO_To_Input
    fm_i2c.o(.text) refers to radio_api.o(.text) for delay_us
    rt_ctype_table.o(.text) refers to rt_locale.o(.text) for __rt_locale
    rt_ctype_table.o(.text) refers to lc_ctype_c.o(locale$$code) for _get_lc_ctype
    c89vsprintf.o(.text) refers (Special) to _printf_a.o(.ARM.Collect$$_printf_percent$$00000006) for _printf_a
    c89vsprintf.o(.text) refers (Special) to _printf_c.o(.ARM.Collect$$_printf_percent$$00000013) for _printf_c
    c89vsprintf.o(.text) refers (Special) to _printf_charcount.o(.text) for _printf_charcount
    c89vsprintf.o(.text) refers (Special) to _printf_d.o(.ARM.Collect$$_printf_percent$$00000009) for _printf_d
    c89vsprintf.o(.text) refers (Special) to _printf_e.o(.ARM.Collect$$_printf_percent$$00000004) for _printf_e
    c89vsprintf.o(.text) refers (Special) to _printf_f.o(.ARM.Collect$$_printf_percent$$00000003) for _printf_f
    c89vsprintf.o(.text) refers (Special) to printf1.o(x$fpl$printf1) for _printf_fp_dec
    c89vsprintf.o(.text) refers (Special) to _printf_g.o(.ARM.Collect$$_printf_percent$$00000005) for _printf_g
    c89vsprintf.o(.text) refers (Special) to _printf_i.o(.ARM.Collect$$_printf_percent$$00000008) for _printf_i
    c89vsprintf.o(.text) refers (Special) to _printf_dec.o(.text) for _printf_int_dec
    c89vsprintf.o(.text) refers (Special) to _printf_l.o(.ARM.Collect$$_printf_percent$$00000012) for _printf_l
    c89vsprintf.o(.text) refers (Special) to _printf_lc.o(.ARM.Collect$$_printf_percent$$00000015) for _printf_lc
    c89vsprintf.o(.text) refers (Special) to _printf_ll.o(.ARM.Collect$$_printf_percent$$00000007) for _printf_ll
    c89vsprintf.o(.text) refers (Special) to _printf_lld.o(.ARM.Collect$$_printf_percent$$0000000E) for _printf_lld
    c89vsprintf.o(.text) refers (Special) to _printf_lli.o(.ARM.Collect$$_printf_percent$$0000000D) for _printf_lli
[...]
    lc_numeric_c.o(locale$$data) refers (Special) to libinit2.o(.ARM.Collect$$libinit$$00000013) for __rt_lib_init_lc_numeric_2
    lc_numeric_c.o(locale$$code) refers (Special) to libinit2.o(.ARM.Collect$$libinit$$00000013) for __rt_lib_init_lc_numeric_2
    lc_numeric_c.o(locale$$code) refers to strcmp.o(.text) for strcmp
    lc_numeric_c.o(locale$$code) refers to lc_numeric_c.o(locale$$data) for __lcnum_c_name
    defsig_fpe_outer.o(.text) refers to defsig_fpe_inner.o(.text) for __rt_SIGFPE_inner
    defsig_fpe_outer.o(.text) refers to defsig_exit.o(.text) for __sig_exit
    defsig_fpe_formal.o(.text) refers to rt_raise.o(.text) for __rt_raise
    argv_veneer.o(.emb_text) refers to _get_argv_nomalloc.o(.text) for __ARM_get_argv
    istatus.o(x$fpl$ieeestatus) refers (Special) to usenofp.o(x$fpl$usenofp) for __I$use$fp
    fpclassify.o(i.__ARM_fpclassify) refers (Special) to usenofp.o(x$fpl$usenofp) for __I$use$fp
    rt_raise.o(.text) refers to __raise.o(.text) for __raise
    rt_raise.o(.text) refers to sys_exit.o(.text) for _sys_exit
    defsig_exit.o(.text) refers to sys_exit.o(.text) for _sys_exit
    defsig_fpe_inner.o(.text) refers to defsig_general.o(.text) for __default_signal_display
    _get_argv_nomalloc.o(.text) refers (Special) to hrguard.o(.text) for __heap_region$guard
    _get_argv_nomalloc.o(.text) refers to defsig_rtmem_outer.o(.text) for __rt_SIGRTMEM
    _get_argv_nomalloc.o(.text) refers to sys_command.o(.text) for _sys_command_string
    sys_command.o(.text) refers (Special) to use_no_semi.o(.text) for __I$use$semihosting
    sys_exit.o(.text) refers (Special) to use_no_semi.o(.text) for __I$use$semihosting
    __raise.o(.text) refers to _printf_wctomb.o(i.__ARM_common_call_via_r2) for __ARM_common_call_via_r2
    __raise.o(.text) refers to defsig.o(CL$$defsig) for __default_signal_handler
    defsig_general.o(.text) refers to sys_wrch.o(.text) for _ttywrch
    defsig_rtmem_outer.o(.text) refers to defsig_rtmem_inner.o(.text) for __rt_SIGRTMEM_inner
    defsig_rtmem_outer.o(.text) refers to defsig_exit.o(.text) for __sig_exit
    defsig_rtmem_formal.o(.text) refers to rt_raise.o(.text) for __rt_raise
    sys_wrch.o(.text) refers (Special) to use_no_semi.o(.text) for __I$use$semihosting
    defsig_rtmem_inner.o(.text) refers to defsig_general.o(.text) for __default_signal_display
    defsig.o(CL$$defsig) refers to defsig_fpe_inner.o(.text) for __rt_SIGFPE_inner
    defsig.o(CL$$defsig) refers to defsig_rtmem_inner.o(.text) for __rt_SIGRTMEM_inner
    defsig_abrt_inner.o(.text) refers to defsig_general.o(.text) for __default_signal_display
    defsig_rtred_inner.o(.text) refers to defsig_general.o(.text) for __default_signal_display
    defsig_stak_inner.o(.text) refers to defsig_general.o(.text) for __default_signal_display
    defsig_pvfn_inner.o(.text) refers to defsig_general.o(.text) for __default_signal_display
    defsig_cppl_inner.o(.text) refers to defsig_general.o(.text) for __default_signal_display
    defsig_segv_inner.o(.text) refers to defsig_general.o(.text) for __default_signal_display
    defsig_other.o(.text) refers to defsig_general.o(.text) for __default_signal_display
    _printf_wctomb.o(i.__ARM_common_call_via_r2) refers (Special) to _printf_wchar.o(.text) for _printf_lcs_common


==============================================================================

Removing Unused input sections from the image.

    Removing timer.o(.text), (656 bytes).
    Removing timer.o(.constdata), (416 bytes).
    Removing timer.o(.data), (26 bytes).
    Removing 2440init.o(RamData), (0 bytes).
    Removing mmu.o(.text), (680 bytes).
    Removing mmu.o(.constdata), (416 bytes).
    Removing mmu.o(.data), (12 bytes).
    Removing target.o(.text), (948 bytes).
    Removing target.o(.constdata), (416 bytes).
    Removing target.o(.data), (20 bytes).
    Removing lcd_tft.o(.constdata), (416 bytes).
    Removing lcd_tft.o(.data), (12 bytes).
    Removing graph.o(.text), (1192 bytes).
    Removing graph.o(.constdata), (416 bytes).
    Removing graph.o(.data), (12 bytes).
    Removing eint.o(.constdata), (416 bytes).
    Removing io_api.o(.constdata), (416 bytes).
    Removing radio_api.o(.bss), (68 bytes).
    Removing radio_api.o(.constdata), (416 bytes).
    Removing fm_i2c.o(.constdata), (416 bytes).
    Removing fm_i2c.o(.data), (12 bytes).

21 unused section(s) (total 7382 bytes) removed from the image.

==============================================================================

Adding Veneers to the image

    Adding TA veneer (4 bytes, Inline) for call to '_printf_percent' from __printf_flags_ss_wp.o(.text).
    Adding TA veneer (4 bytes, Inline) for call to '__rt_ctype_table' from strtol.o(.text).
    Adding AT veneer (8 bytes, Inline) for call to '__c89vsprintf' from 2440lib.o(.text).
    Adding AT veneer (8 bytes, Inline) for call to 'atoi' from 2440lib.o(.text).
    Adding AT veneer (8 bytes, Inline) for call to 'strlen' from 2440lib.o(.text).
    Adding TA veneer (4 bytes, Inline) for call to '__aeabi_idivmod' from bigflt0.o(.text).
    Adding TA veneer (4 bytes, Inline) for call to '__rt_locale' from _printf_fp_dec.o(.text).
    Adding TA veneer (4 bytes, Inline) for call to '__aeabi_errno_addr' from atoi.o(.text).
    Adding AT veneer (8 bytes, Inline) for call to '_printf_int_dec' from _printf_i.o(.ARM.Collect$$_printf_percent$$00000008).
    Adding AT veneer (8 bytes, Inline) for call to '_printf_charcount' from _printf_n.o(.ARM.Collect$$_printf_percent$$00000001).
    Adding AT veneer (8 bytes, Inline) for call to '_printf_longlong_dec' from _printf_lli.o(.ARM.Collect$$_printf_percent$$0000000D).
    Adding AT veneer (8 bytes, Inline) for call to '_printf_int_oct' from _printf_o.o(.ARM.Collect$$_printf_percent$$0000000B).
    Adding AT veneer (8 bytes, Inline) for call to '_printf_hex_ptr' from _printf_p.o(.ARM.Collect$$_printf_percent$$00000002).
    Adding TA veneer (4 bytes, Inline) for call to '_ll_udiv10' from _printf_longlong_dec.o(.text).
    Adding AT veneer (8 bytes, Inline) for call to '_printf_char' from _printf_c.o(.ARM.Collect$$_printf_percent$$00000013).
    Adding AT veneer (8 bytes, Inline) for call to '_printf_wchar' from _printf_lc.o(.ARM.Collect$$_printf_percent$$00000015).
    Adding TA veneer (4 bytes, Inline) for call to '__rt_udiv10' from _printf_dec.o(.text).
    Adding TA veneer (4 bytes, Inline) for call to '_btod_d2e' from _printf_fp_dec.o(.text).
    Adding TA veneer (4 bytes, Inline) for call to '_btod_ediv' from _printf_fp_dec.o(.text).
    Adding TA veneer (4 bytes, Inline) for call to '_btod_emul' from _printf_fp_dec.o(.text).
    Adding AT veneer (12 bytes, Long) for call to '_printf_int_hex' from _printf_x.o(.ARM.Collect$$_printf_percent$$0000000C).
    Adding AT veneer (12 bytes, Long) for call to '_printf_ll_oct' from _printf_llo.o(.ARM.Collect$$_printf_percent$$00000010).
    Adding AT veneer (12 bytes, Long) for call to '_printf_ll_hex' from _printf_llx.o(.ARM.Collect$$_printf_percent$$00000011).
    Adding AT veneer (12 bytes, Long) for call to '_printf_string' from _printf_s.o(.ARM.Collect$$_printf_percent$$00000014).
    Adding AT veneer (12 bytes, Long) for call to '_printf_wstring' from _printf_ls.o(.ARM.Collect$$_printf_percent$$00000016).
    Adding AT veneer (12 bytes, Long) for call to '_printf_fp_dec_real' from printf1.o(x$fpl$printf1).
    Adding TA veneer (4 bytes, Inline) for call to '__ARM_fpclassify' from _printf_fp_dec.o(.text).
    Adding TA veneer (4 bytes, Inline) for call to '__ieee_status' from _printf_fp_dec.o(.text).

28 Veneer(s) (total 200 bytes) added to the image.

==============================================================================

Image Symbol Table

    Local Symbols

    Symbol Name                              Value     Ov Type        Size  Object(Section)

    ../../angel/rt.s                         0x00000000   Number         0  rt_errno_addr.o ABSOLUTE
    ../../angel/rt.s                         0x00000000   Number         0  aeabi_idiv0.o ABSOLUTE
    ../../angel/rt.s                         0x00000000   Number         0  rt_locale_intlibspace.o ABSOLUTE
    ../../angel/rt.s                         0x00000000   Number         0  rt_raise.o ABSOLUTE
    ../../angel/rt.s                         0x00000000   Number         0  rt_div0.o ABSOLUTE
    ../../angel/rt.s                         0x00000000   Number         0  aeabi_idiv0_sigfpe.o ABSOLUTE
    ../../angel/rt.s                         0x00000000   Number         0  rt_errno_addr_intlibspace.o ABSOLUTE
    ../../angel/rt.s                         0x00000000   Number         0  rt_locale.o ABSOLUTE
    ../../angel/rt.s                         0x00000000   Number         0  rt_ctype_table.o ABSOLUTE
    ../../angel/sys.s                        0x00000000   Number         0  libspace.o ABSOLUTE
    ../../angel/sys.s                        0x00000000   Number         0  use_no_semi.o ABSOLUTE
    ../../angel/sysapp.c                     0x00000000   Number         0  sys_exit.o ABSOLUTE
    ../../angel/sysapp.c                     0x00000000   Number         0  sys_command.o ABSOLUTE
    ../../angel/sysapp.c                     0x00000000   Number         0  sys_wrch.o ABSOLUTE
    ../../armsys.c                           0x00000000   Number         0  argv_veneer.o ABSOLUTE
    ../../armsys.c                           0x00000000   Number         0  _get_argv_nomalloc.o ABSOLUTE
    ../../armsys.c                           0x00000000   Number         0  no_argv.o ABSOLUTE
    ../../armsys.c                           0x00000000   Number         0  argv_veneer.o ABSOLUTE
    ../../bigflt.c                           0x00000000   Number         0  bigflt0.o ABSOLUTE
    ../../btod.s                             0x00000000   Number         0  btod.o ABSOLUTE
    ../../daddsub.s                          0x00000000   Number         0  daddsub_noclz.o ABSOLUTE
    ../../ddiv.s                             0x00000000   Number         0  ddiv.o ABSOLUTE
    ../../dfix.s                             0x00000000   Number         0  dfix.o ABSOLUTE
    ../../dflt.s                             0x00000000   Number         0  dflt_noclz.o ABSOLUTE
    ../../division.s                         0x00000000   Number         0  rtudiv10.o ABSOLUTE
    ../../division.s                         0x00000000   Number         0  aeabi_sdiv_div0.o ABSOLUTE
    ../../division.s                         0x00000000   Number         0  aeabi_sdiv.o ABSOLUTE
    ../../divrt.s                            0x00000000   Number         0  divrt_7tdmi.o ABSOLUTE
    ../../divrt.s                            0x00000000   Number         0  divrt_7tdmi_div0.o ABSOLUTE
    ../../dnaninf.s                          0x00000000   Number         0  dnaninf.o ABSOLUTE
    ../../dretinf.s                          0x00000000   Number         0  dretinf.o ABSOLUTE
    ../../fpclassify.c                       0x00000000   Number         0  fpclassify.o ABSOLUTE
    ../../heapalloc.c                        0x00000000   Number         0  hrguard.o ABSOLUTE
    ../../istatus.s                          0x00000000   Number         0  istatus.o ABSOLUTE
    ../../libinit.s                          0x00000000   Number         0  libinit2.o ABSOLUTE
    ../../locale.c                           0x00000000   Number         0  _wcrtomb.o ABSOLUTE
    ../../locale.s                           0x00000000   Number         0  lc_numeric_c.o ABSOLUTE
    ../../locale.s                           0x00000000   Number         0  lc_ctype_c.o ABSOLUTE
    ../../longlong.s                         0x00000000   Number         0  lludiv10.o ABSOLUTE
    ../../memcpset.s                         0x00000000   Number         0  rt_memclr_w.o ABSOLUTE
    ../../memcpset.s                         0x00000000   Number         0  strcmp.o ABSOLUTE
    ../../misc.s                             0x00000000   Number         0  printf_stubs.o ABSOLUTE
    ../../printf.c                           0x00000000   Number         0  _printf_hex_int.o ABSOLUTE
    ../../printf.c                           0x00000000   Number         0  _printf_hex_int_ll.o ABSOLUTE
    ../../printf.c                           0x00000000   Number         0  _printf_hex_ptr.o ABSOLUTE
    ../../printf.c                           0x00000000   Number         0  _printf_hex_int_ptr.o ABSOLUTE
    ../../printf.c                           0x00000000   Number         0  _printf_hex_ll_ptr.o ABSOLUTE
    ../../printf.c                           0x00000000   Number         0  _printf_hex_int_ll_ptr.o ABSOLUTE
    ../../printf.c                           0x00000000   Number         0  __printf_flags_ss_wp.o ABSOLUTE
    ../../printf.c                           0x00000000   Number         0  __printf_ss_wp.o ABSOLUTE
    ../../printf.c                           0x00000000   Number         0  __printf_flags_wp.o ABSOLUTE
    ../../printf.c                           0x00000000   Number         0  __printf_wp.o ABSOLUTE
    ../../printf.c                           0x00000000   Number         0  __printf_flags_ss.o ABSOLUTE
    ../../printf.c                           0x00000000   Number         0  __printf_ss.o ABSOLUTE
    ../../printf.c                           0x00000000   Number         0  __printf_flags.o ABSOLUTE
    ../../printf.c                           0x00000000   Number         0  _printf_fp_infnan.o ABSOLUTE
    ../../printf.c                           0x00000000   Number         0  c89vsprintf.o ABSOLUTE
    ../../printf.c                           0x00000000   Number         0  _printf_wchar.o ABSOLUTE
    ../../printf.c                           0x00000000   Number         0  _printf_char.o ABSOLUTE
    ../../printf.c                           0x00000000   Number         0  __printf_nopercent.o ABSOLUTE
    ../../printf.c                           0x00000000   Number         0  _printf_fp_dec.o ABSOLUTE
    ../../printf.c                           0x00000000   Number         0  _printf_intcommon.o ABSOLUTE
    ../../printf.c                           0x00000000   Number         0  __printf.o ABSOLUTE
    ../../printf.c                           0x00000000   Number         0  _printf_pad.o ABSOLUTE
    ../../printf.c                           0x00000000   Number         0  _printf_truncate.o ABSOLUTE
    ../../printf.c                           0x00000000   Number         0  _printf_str.o ABSOLUTE
    ../../printf.c                           0x00000000   Number         0  _printf_dec.o ABSOLUTE
    ../../printf.c                           0x00000000   Number         0  _printf_charcount.o ABSOLUTE
    ../../printf.c                           0x00000000   Number         0  _printf_char_common.o ABSOLUTE
    ../../printf.c                           0x00000000   Number         0  _sputc.o ABSOLUTE
    ../../printf.c                           0x00000000   Number         0  _printf_wctomb.o ABSOLUTE
    ../../printf.c                           0x00000000   Number         0  _printf_longlong_dec.o ABSOLUTE
    ../../printf.c                           0x00000000   Number         0  _printf_oct_ll.o ABSOLUTE
    ../../printf.c                           0x00000000   Number         0  _printf_oct_int.o ABSOLUTE
    ../../printf.c                           0x00000000   Number         0  _printf_oct_int_ll.o ABSOLUTE
    ../../printf.c                           0x00000000   Number         0  _printf_hex_ll.o ABSOLUTE
    ../../printf1.s                          0x00000000   Number         0  printf1.o ABSOLUTE
    ../../printf_percent.s                   0x00000000   Number         0  _printf_l.o ABSOLUTE
    ../../printf_percent.s                   0x00000000   Number         0  _printf_lc.o ABSOLUTE
    ../../printf_percent.s                   0x00000000   Number         0  _printf_x.o ABSOLUTE
    ../../printf_percent.s                   0x00000000   Number         0  _printf_ls.o ABSOLUTE
    ../../printf_percent.s                   0x00000000   Number         0  _printf_p.o ABSOLUTE
    ../../printf_percent.s                   0x00000000   Number         0  _printf_o.o ABSOLUTE
    ../../printf_percent.s                   0x00000000   Number         0  _printf_llo.o ABSOLUTE
    ../../printf_percent.s                   0x00000000   Number         0  _printf_i.o ABSOLUTE
    ../../printf_percent.s                   0x00000000   Number         0  _printf_d.o ABSOLUTE
    ../../printf_percent.s                   0x00000000   Number         0  _printf_llx.o ABSOLUTE
    ../../printf_percent.s                   0x00000000   Number         0  _printf_u.o ABSOLUTE
    ../../printf_percent.s                   0x00000000   Number         0  _printf_f.o ABSOLUTE
    ../../printf_percent.s                   0x00000000   Number         0  _printf_e.o ABSOLUTE
    ../../printf_percent.s                   0x00000000   Number         0  _printf_c.o ABSOLUTE
    ../../printf_percent.s                   0x00000000   Number         0  _printf_lld.o ABSOLUTE
    ../../printf_percent.s                   0x00000000   Number         0  _printf_g.o ABSOLUTE
    ../../printf_percent.s                   0x00000000   Number         0  _printf_a.o ABSOLUTE
    ../../printf_percent.s                   0x00000000   Number         0  _printf_s.o ABSOLUTE
    ../../printf_percent.s                   0x00000000   Number         0  _printf_percent.o ABSOLUTE
    ../../printf_percent.s                   0x00000000   Number         0  _printf_lli.o ABSOLUTE
    ../../printf_percent.s                   0x00000000   Number         0  _printf_n.o ABSOLUTE
    ../../printf_percent.s                   0x00000000   Number         0  _printf_llu.o ABSOLUTE
    ../../printf_percent.s                   0x00000000   Number         0  _printf_ll.o ABSOLUTE
    ../../printf_percent.s                   0x00000000   Number         0  _printf_percent_end.o ABSOLUTE
    ../../scanf.c                            0x00000000   Number         0  _strtoul.o ABSOLUTE
    ../../scanf.c                            0x00000000   Number         0  _chval.o ABSOLUTE
    ../../scanf.c                            0x00000000   Number         0  strtol.o ABSOLUTE
    ../../scanf.c                            0x00000000   Number         0  atoi.o ABSOLUTE
    ../../signal.c                           0x00000000   Number         0  defsig_stak_inner.o ABSOLUTE
    ../../signal.c                           0x00000000   Number         0  defsig_pvfn_inner.o ABSOLUTE
    ../../signal.c                           0x00000000   Number         0  defsig_cppl_inner.o ABSOLUTE
    ../../signal.c                           0x00000000   Number         0  defsig_segv_inner.o ABSOLUTE
    ../../signal.c                           0x00000000   Number         0  defsig_other.o ABSOLUTE
    ../../signal.c                           0x00000000   Number         0  defsig_fpe_outer.o ABSOLUTE
    ../../signal.c                           0x00000000   Number         0  defsig_fpe_formal.o ABSOLUTE
    ../../signal.c                           0x00000000   Number         0  defsig_exit.o ABSOLUTE
    ../../signal.c                           0x00000000   Number         0  defsig_fpe_inner.o ABSOLUTE
    ../../signal.c                           0x00000000   Number         0  __raise.o ABSOLUTE
    ../../signal.c                           0x00000000   Number         0  defsig_general.o ABSOLUTE
    ../../signal.c                           0x00000000   Number         0  defsig_rtmem_outer.o ABSOLUTE
    ../../signal.c                           0x00000000   Number         0  defsig_rtmem_formal.o ABSOLUTE
    ../../signal.c                           0x00000000   Number         0  defsig_rtmem_inner.o ABSOLUTE
    ../../signal.c                           0x00000000   Number         0  defsig_abrt_inner.o ABSOLUTE
    ../../signal.c                           0x00000000   Number         0  defsig_rtred_inner.o ABSOLUTE
    ../../signal.s                           0x00000000   Number         0  defsig.o ABSOLUTE
    ../../string.c                           0x00000000   Number         0  strlen.o ABSOLUTE
    ../../usenofp.s                          0x00000000   Number         0  usenofp.o ABSOLUTE
    S3C2440\src\2440init.s                   0x00000000   Number         0  2440init.o ABSOLUTE
    S3C2440\src\2440lib.c                    0x00000000   Number         0  2440lib.o ABSOLUTE
    S3C2440\src\2440slib.s                   0x00000000   Number         0  2440slib.o ABSOLUTE
    S3C2440\src\Eint.c                       0x00000000   Number         0  eint.o ABSOLUTE
    S3C2440\src\FM_I2c.c                     0x00000000   Number         0  fm_i2c.o ABSOLUTE
    S3C2440\src\Target.c                     0x00000000   Number         0  target.o ABSOLUTE
    S3C2440\src\Timer.c                      0x00000000   Number         0  timer.o ABSOLUTE
    S3C2440\src\graph.c                      0x00000000   Number         0  graph.o ABSOLUTE
    S3C2440\src\io_api.c                     0x00000000   Number         0  io_api.o ABSOLUTE
    S3C2440\src\mmu.c                        0x00000000   Number         0  mmu.o ABSOLUTE
    S3C2440\src\radio_api.c                  0x00000000   Number         0  radio_api.o ABSOLUTE
    TFT320240\LCD_TFT.c                      0x00000000   Number         0  lcd_tft.o ABSOLUTE
    dc.s                                     0x00000000   Number         0  dc.o ABSOLUTE
    main.c                                   0x00000000   Number         0  main.o ABSOLUTE
    RESET                                    0x30000000   Section     1976  2440init.o(RESET)
    ResetEntry                               0x30000000   ARM Code       0  2440init.o(RESET)
    IsrIRQ                                   0x300000d8   ARM Code       0  2440init.o(RESET)
    copy_proc_beg                            0x300002fc   ARM Code       0  2440init.o(RESET)
    [Anonymous Symbol]                       0x3000035c   ARM Code       0  2440init.o(RESET)
    SMRDATA                                  0x300005f4   Data           0  2440init.o(RESET)
    .ARM.Collect$$_printf_percent$$00000000  0x300007bc   Section        0  _printf_percent.o(.ARM.Collect$$_printf_percent$$00000000)
    .ARM.Collect$$_printf_percent$$00000001  0x300007bc   Section        8  _printf_n.o(.ARM.Collect$$_printf_percent$$00000001)
    .ARM.Collect$$_printf_percent$$00000002  0x300007c4   Section        8  _printf_p.o(.ARM.Collect$$_printf_percent$$00000002)
    .ARM.Collect$$_printf_percent$$00000003  0x300007cc   Section        8  _printf_f.o(.ARM.Collect$$_printf_percent$$00000003)
    .ARM.Collect$$_printf_percent$$00000004  0x300007d4   Section        8  _printf_e.o(.ARM.Collect$$_printf_percent$$00000004)
    .ARM.Collect$$_printf_percent$$00000005  0x300007dc   Section        8  _printf_g.o(.ARM.Collect$$_printf_percent$$00000005)
    .ARM.Collect$$_printf_percent$$00000006  0x300007e4   Section        8  _printf_a.o(.ARM.Collect$$_printf_percent$$00000006)
    .ARM.Collect$$_printf_percent$$00000007  0x300007ec   Section       12  _printf_ll.o(.ARM.Collect$$_printf_percent$$00000007)
    .ARM.Collect$$_printf_percent$$00000008  0x300007f8   Section        8  _printf_i.o(.ARM.Collect$$_printf_percent$$00000008)
    .ARM.Collect$$_printf_percent$$00000009  0x30000800   Section        8  _printf_d.o(.ARM.Collect$$_printf_percent$$00000009)
    .ARM.Collect$$_printf_percent$$0000000A  0x30000808   Section        8  _printf_u.o(.ARM.Collect$$_printf_percent$$0000000A)
    .ARM.Collect$$_printf_percent$$0000000B  0x30000810   Section        8  _printf_o.o(.ARM.Collect$$_printf_percent$$0000000B)
    .ARM.Collect$$_printf_percent$$0000000C  0x30000818   Section        8  _printf_x.o(.ARM.Collect$$_printf_percent$$0000000C)
    .ARM.Collect$$_printf_percent$$0000000D  0x30000820   Section        8  _printf_lli.o(.ARM.Collect$$_printf_percent$$0000000D)
    .ARM.Collect$$_printf_percent$$0000000E  0x30000828   Section        8  _printf_lld.o(.ARM.Collect$$_printf_percent$$0000000E)
    .ARM.Collect$$_printf_percent$$0000000F  0x30000830   Section        8  _printf_llu.o(.ARM.Collect$$_printf_percent$$0000000F)
    .ARM.Collect$$_printf_percent$$00000010  0x30000838   Section        8  _printf_llo.o(.ARM.Collect$$_printf_percent$$00000010)
    .ARM.Collect$$_printf_percent$$00000011  0x30000840   Section        8  _printf_llx.o(.ARM.Collect$$_printf_percent$$00000011)
    .ARM.Collect$$_printf_percent$$00000012  0x30000848   Section       12  _printf_l.o(.ARM.Collect$$_printf_percent$$00000012)
    .ARM.Collect$$_printf_percent$$00000013  0x30000854   Section        8  _printf_c.o(.ARM.Collect$$_printf_percent$$00000013)
    .ARM.Collect$$_printf_percent$$00000014  0x3000085c   Section        8  _printf_s.o(.ARM.Collect$$_printf_percent$$00000014)
    .ARM.Collect$$_printf_percent$$00000015  0x30000864   Section        8  _printf_lc.o(.ARM.Collect$$_printf_percent$$00000015)
    .ARM.Collect$$_printf_percent$$00000016  0x3000086c   Section        8  _printf_ls.o(.ARM.Collect$$_printf_percent$$00000016)
    .ARM.Collect$$_printf_percent$$00000017  0x30000874   Section        8  _printf_percent_end.o(.ARM.Collect$$_printf_percent$$00000017)
    .ARM.Collect$$libinit$$0000000F          0x3000087c   Section        0  libinit2.o(.ARM.Collect$$libinit$$0000000F)
    .ARM.Collect$$libinit$$00000013          0x3000087c   Section        0  libinit2.o(.ARM.Collect$$libinit$$00000013)
    .text                                    0x3000087c   Section        0  main.o(.text)
    .text                                    0x30000a70   Section        0  2440lib.o(.text)
    .text                                    0x30001b9c   Section        0  lcd_tft.o(.text)
    Lcd_PowerEnable                          0x30001c90   ARM Code     100  lcd_tft.o(.text)
    .text                                    0x30002564   Section        0  eint.o(.text)
    .text                                    0x3000273c   Section        0  io_api.o(.text)
    .text                                    0x30003330   Section        0  radio_api.o(.text)
    .text                                    0x30003840   Section        0  fm_i2c.o(.text)
    .text                                    0x30003c90   Section       24  rt_ctype_table.o(.text)
    .text                                    0x30003cb0   Section        0  c89vsprintf.o(.text)
    .text                                    0x30003ce0   Section        0  atoi.o(.text)
    .text                                    0x30003d08   Section        0  strlen.o(.text)
    .text                                    0x30003d4c   Section       84  rt_memclr_w.o(.text)
    .text                                    0x30003da4   Section      384  aeabi_sdiv.o(.text)
    __arm_div8                               0x30003dd0   ARM Code       0  aeabi_sdiv.o(.text)
    __arm_div5                               0x30003df4   ARM Code       0  aeabi_sdiv.o(.text)
    __arm_div2                               0x30003e18   ARM Code       0  aeabi_sdiv.o(.text)
    __arm_div_large                          0x30003e54   ARM Code       0  aeabi_sdiv.o(.text)
    .text                                    0x30003f28   Section       16  rt_locale.o(.text)
    .text                                    0x30003f3c   Section       16  rt_errno_addr.o(.text)
    .text                                    0x30003f4c   Section        0  _printf_pad.o(.text)
    .text                                    0x30003fa0   Section        0  _printf_truncate.o(.text)
    .text                                    0x30003fcc   Section        0  _printf_str.o(.text)
    .text                                    0x3000402c   Section        0  _printf_dec.o(.text)
    .text                                    0x300040a4   Section        0  _printf_charcount.o(.text)
    .text                                    0x300040cc   Section        0  _printf_char_common.o(.text)
    _printf_input_char                       0x300040cd   Thumb Code    10  _printf_char_common.o(.text)
    .text                                    0x300040fc   Section        0  _sputc.o(.text)
    .text                                    0x30004108   Section        0  _printf_wctomb.o(.text)
    .text                                    0x300041d0   Section        0  _printf_longlong_dec.o(.text)
    .text                                    0x3000424c   Section        0  _printf_oct_int_ll.o(.text)
    _printf_longlong_oct_internal            0x3000424d   Thumb Code     0  _printf_oct_int_ll.o(.text)
    .text                                    0x300042cc   Section        0  _printf_hex_int_ll_ptr.o(.text)
    _printf_hex_common                       0x300042cd   Thumb Code     0  _printf_hex_int_ll_ptr.o(.text)
    .text                                    0x3000436c   Section        0  __printf_flags_ss_wp.o(.text)
    .text                                    0x30004514   Section        0  strtol.o(.text)
    .text                                    0x3000458c   Section      160  lludiv10.o(.text)
    .text                                    0x3000462c   Section        0  _printf_intcommon.o(.text)
    .text                                    0x300046e4   Section        0  _printf_fp_dec.o(.text)
    _fp_digits                               0x300046e7   Thumb Code   408  _printf_fp_dec.o(.text)
    .text                                    0x30004afc   Section        0  _printf_char.o(.text)
    .text                                    0x30004b38   Section        0  _printf_wchar.o(.text)
    .text                                    0x30004b6a   Section        0  _strtoul.o(.text)
    .text                                    0x30004c14   Section        0  _wcrtomb.o(.text)
    .text                                    0x30004c60   Section      160  strcmp.o(.text)
    .text                                    0x30004d04   Section       44  rtudiv10.o(.text)
    .text                                    0x30004d30   Section        0  _printf_fp_infnan.o(.text)
    .text                                    0x30004dbc   Section        0  _chval.o(.text)
    .text                                    0x30004de0   Section        0  bigflt0.o(.text)
    .text_udiv                               0x30004eb8   Section       36  aeabi_sdiv.o(.text_udiv)
    C$$code                                  0x30004edc   Section      436  2440slib.o(C$$code)
    CL$$btod_d2e                             0x30005094   Section       56  btod.o(CL$$btod_d2e)
    CL$$btod_d2e_denorm_low                  0x300050cc   Section       84  btod.o(CL$$btod_d2e_denorm_low)
    CL$$btod_d2e_norm_op1                    0x30005120   Section      104  btod.o(CL$$btod_d2e_norm_op1)
    CL$$btod_div_common                      0x30005188   Section      844  btod.o(CL$$btod_div_common)
    CL$$btod_e2e                             0x300054d4   Section      220  btod.o(CL$$btod_e2e)
    CL$$btod_ediv                            0x300055b4   Section       52  btod.o(CL$$btod_ediv)
    CL$$btod_emul                            0x300055ec   Section       52  btod.o(CL$$btod_emul)
    CL$$btod_mult_common                     0x30005620   Section      616  btod.o(CL$$btod_mult_common)
    i.__ARM_common_call_via_r1               0x300058d0   Section        0  __printf.o(i.__ARM_common_call_via_r1)
    i.__ARM_common_call_via_r2               0x300058d2   Section        0  _printf_wctomb.o(i.__ARM_common_call_via_r2)
    i.__ARM_common_call_via_r3               0x300058d4   Section        0  _wcrtomb.o(i.__ARM_common_call_via_r3)
    i.__ARM_fpclassify                       0x300058dc   Section        0  fpclassify.o(i.__ARM_fpclassify)
    locale$$code                             0x3000590c   Section       80  lc_ctype_c.o(locale$$code)
    locale$$code                             0x3000595c   Section       80  lc_numeric_c.o(locale$$code)
    x$fpl$dadd                               0x300059ac   Section      336  daddsub_noclz.o(x$fpl$dadd)
    _dadd1                                   0x300059bc   ARM Code       0  daddsub_noclz.o(x$fpl$dadd)
    x$fpl$ddiv                               0x30005afc   Section      736  ddiv.o(x$fpl$ddiv)
    ddiv_entry                               0x30005b04   ARM Code       0  ddiv.o(x$fpl$ddiv)
    x$fpl$dfix                               0x30005ddc   Section      112  dfix.o(x$fpl$dfix)
    x$fpl$dflt                               0x30005e4c   Section       88  dflt_noclz.o(x$fpl$dflt)
    x$fpl$dnaninf                            0x30005ea4   Section      192  dnaninf.o(x$fpl$dnaninf)
    x$fpl$dretinf                            0x30005f64   Section       16  dretinf.o(x$fpl$dretinf)
    x$fpl$dsub                               0x30005f74   Section      580  daddsub_noclz.o(x$fpl$dsub)
    _dsub1                                   0x30005f84   ARM Code       0  daddsub_noclz.o(x$fpl$dsub)
    x$fpl$ieeestatus                         0x300061bc   Section        8  istatus.o(x$fpl$ieeestatus)
    x$fpl$printf1                            0x300061c4   Section        4  printf1.o(x$fpl$printf1)
    .constdata                               0x300061c8   Section    1882052  main.o(.constdata)
    x$fpl$usenofp                            0x300061c8   Section        0  usenofp.o(x$fpl$usenofp)
    qian                                     0x300061c8   Data          32  main.o(.constdata)
    ru                                       0x300061e8   Data          32  main.o(.constdata)
    shi                                      0x30006208   Data          32  main.o(.constdata)
    hanzi                                    0x30006228   Data         320  main.o(.constdata)
    image_160120_0                           0x30006368   Data       38400  main.o(.constdata)
    image_160120_3                           0x3002bb68   Data       38400  main.o(.constdata)
    image_320240_0                           0x30035168   Data       153600  main.o(.constdata)
    image_320240_1                           0x3005a968   Data       153600  main.o(.constdata)
    image_320240_2                           0x30080168   Data       153600  main.o(.constdata)
    image_320240_3                           0x300a5968   Data       153600  main.o(.constdata)
    image_320240_4                           0x300cb168   Data       153600  main.o(.constdata)
    image_320240_5                           0x300f0968   Data       153600  main.o(.constdata)
    image_320240_6                           0x30116168   Data       153600  main.o(.constdata)
    image_320240_7                           0x3013b968   Data       153600  main.o(.constdata)
    image_320240_8                           0x30161168   Data       153600  main.o(.constdata)
    image_320240_9                           0x30186968   Data       153600  main.o(.constdata)
    image_320240_10                          0x301ac168   Data       153600  main.o(.constdata)
    .constdata                               0x301d198c   Section        8  _printf_wctomb.o(.constdata)
    initial_mbstate                          0x301d198c   Data           8  _printf_wctomb.o(.constdata)
    .constdata                               0x301d1994   Section       40  _printf_hex_int_ll_ptr.o(.constdata)
    uc_hextab                                0x301d1994   Data          20  _printf_hex_int_ll_ptr.o(.constdata)
    lc_hextab                                0x301d19a8   Data          20  _printf_hex_int_ll_ptr.o(.constdata)
    .constdata                               0x301d19bc   Section       17  __printf_flags_ss_wp.o(.constdata)
    maptable                                 0x301d19bc   Data          17  __printf_flags_ss_wp.o(.constdata)
    .constdata                               0x301d19d0   Section      148  bigflt0.o(.constdata)
    tenpwrs_x                                0x301d19d0   Data          60  bigflt0.o(.constdata)
    tenpwrs_i                                0x301d1a0c   Data          64  bigflt0.o(.constdata)
    locale$$data                             0x301d1a64   Section      272  lc_ctype_c.o(locale$$data)
    __lcctype_c_name                         0x301d1a68   Data           2  lc_ctype_c.o(locale$$data)
    __lcctype_c_start                        0x301d1a70   Data           0  lc_ctype_c.o(locale$$data)
    locale$$data                             0x301d1b74   Section       28  lc_numeric_c.o(locale$$data)
    __lcctype_c_end                          0x301d1b74   Data           0  lc_ctype_c.o(locale$$data)
    __lcnum_c_name                           0x301d1b78   Data           2  lc_numeric_c.o(locale$$data)
    __lcnum_c_start                          0x301d1b80   Data           0  lc_numeric_c.o(locale$$data)
    __lcnum_c_point                          0x301d1b8c   Data           0  lc_numeric_c.o(locale$$data)
    __lcnum_c_thousands                      0x301d1b8e   Data           0  lc_numeric_c.o(locale$$data)
    __lcnum_c_grouping                       0x301d1b8f   Data           0  lc_numeric_c.o(locale$$data)
    __lcnum_c_end                            0x301d1b90   Data           0  lc_numeric_c.o(locale$$data)
    .data                                    0x30800000   Section       72  main.o(.data)
    GPIO_LUT                                 0x30800000   Data          12  main.o(.data)
    i                                        0x3080000c   Data           4  main.o(.data)
    j                                        0x30800010   Data           4  main.o(.data)
    x                                        0x30800014   Data           4  main.o(.data)
    y                                        0x30800018   Data           4  main.o(.data)
    num                                      0x3080001c   Data           4  main.o(.data)
    color                                    0x30800020   Data           4  main.o(.data)
    back                                     0x30800024   Data           4  main.o(.data)
    dir                                      0x30800028   Data           4  main.o(.data)
    tmp_x                                    0x3080002c   Data           4  main.o(.data)
    tmp_y                                    0x30800030   Data           4  main.o(.data)
    temp                                     0x30800034   Data           4  main.o(.data)
    .data                                    0x30800048   Section        8  2440lib.o(.data)
    whichUart                                0x3080004c   Data           4  2440lib.o(.data)
    .data                                    0x30800050   Section       16  eint.o(.data)
    GPIO_LUT                                 0x30800050   Data          12  eint.o(.data)
    key_val                                  0x3080005c   Data           4  eint.o(.data)
    .data                                    0x30800060   Section       12  io_api.o(.data)
    GPIO_LUT                                 0x30800060   Data          12  io_api.o(.data)
    .data                                    0x3080006c   Section       84  radio_api.o(.data)
    GPIO_LUT                                 0x3080006c   Data          12  radio_api.o(.data)
    .bss                                     0x308000c0   Section    153600  lcd_tft.o(.bss)
    .bss                                     0x308258c0   Section       20  rt_locale.o(.bss)
    __rt_locale_data                         0x308258c0   Data          20  rt_locale.o(.bss)
    .bss                                     0x308258d4   Section        4  rt_errno_addr.o(.bss)
    __aeabi_errno_addr_data                  0x308258d4   Data           4  rt_errno_addr.o(.bss)

    Global Symbols

    Symbol Name                              Value     Ov Type        Size  Object(Section)

    BuildAttributes$$THM_ISAv1$ARM_ISAv4$S$PE$A:L22$X:L11$S22$IEEE1$IW$USESV6$~STKCKD$USESV7$~SHL$OTIME$ROPI$IEEEJ$EBA8$STANDARDLIB$REQ8$PRES8$EABIv2 0x00000000   Number         0  anon$$obj.o ABSOLUTE
    _printf_flags                            0x00000000   Number         0  printf_stubs.o ABSOLUTE
    _printf_return_value                     0x00000000   Number         0  printf_stubs.o ABSOLUTE
    _printf_sizespec                         0x00000000   Number         0  printf_stubs.o ABSOLUTE
    _printf_widthprec                        0x00000000   Number         0  printf_stubs.o ABSOLUTE
    __ARM_exceptions_init                     - Undefined Weak Reference
    __alloca_initialize                       - Undefined Weak Reference
    __cpp_initialize__aeabi_                  - Undefined Weak Reference
    __sigvec_lookup                           - Undefined Weak Reference
    _atexit_init                              - Undefined Weak Reference
    _clock_init                               - Undefined Weak Reference
    _fp_trap_init                             - Undefined Weak Reference
    _get_lc_collate                           - Undefined Weak Reference
    _get_lc_monetary                          - Undefined Weak Reference
    _get_lc_time                              - Undefined Weak Reference
    _getenv_init                              - Undefined Weak Reference
    _handle_redirection                       - Undefined Weak Reference
    _init_alloc                               - Undefined Weak Reference
    _init_user_alloc                          - Undefined Weak Reference
    _initio                                   - Undefined Weak Reference
    _printf_fp_hex                            - Undefined Weak Reference
    _printf_mbtowc                            - Undefined Weak Reference
    _printf_wc                                - Undefined Weak Reference
    _rand_init                                - Undefined Weak Reference
    _signal_init                              - Undefined Weak Reference
    Image$$ER_ROM1$$RO$$Base                 0x30000000   Number         0  2440init.o(RESET)
    __ENTRY                                  0x30000000   ARM Code       0  2440init.o(RESET)
    StartPointAfterSleepWakeUp               0x300001a8   ARM Code       0  2440init.o(RESET)
    Led_Test                                 0x30000548   ARM Code       0  2440init.o(RESET)
    CLKDIV124                                0x30000704   ARM Code       0  2440init.o(RESET)
    CLKDIV144                                0x30000754   ARM Code       0  2440init.o(RESET)
    Inline Thumb to ARM Veneer to _printf_percent 0x300007b9   Thumb Code     4  _printf_percent.o(.ARM.Collect$$_printf_percent$$00000000)
    _printf_n                                0x300007bc   ARM Code       0  _printf_n.o(.ARM.Collect$$_printf_percent$$00000001)
    _printf_percent                          0x300007bc   ARM Code       0  _printf_percent.o(.ARM.Collect$$_printf_percent$$00000000)
    _printf_p                                0x300007c4   ARM Code       0  _printf_p.o(.ARM.Collect$$_printf_percent$$00000002)
    _printf_f                                0x300007cc   ARM Code       0  _printf_f.o(.ARM.Collect$$_printf_percent$$00000003)
    _printf_e                                0x300007d4   ARM Code       0  _printf_e.o(.ARM.Collect$$_printf_percent$$00000004)
    _printf_g                                0x300007dc   ARM Code       0  _printf_g.o(.ARM.Collect$$_printf_percent$$00000005)
    _printf_a                                0x300007e4   ARM Code       0  _printf_a.o(.ARM.Collect$$_printf_percent$$00000006)
    _printf_ll                               0x300007ec   ARM Code       0  _printf_ll.o(.ARM.Collect$$_printf_percent$$00000007)
    _printf_i                                0x300007f8   ARM Code       0  _printf_i.o(.ARM.Collect$$_printf_percent$$00000008)
    _printf_d                                0x30000800   ARM Code       0  _printf_d.o(.ARM.Collect$$_printf_percent$$00000009)
    _printf_u                                0x30000808   ARM Code       0  _printf_u.o(.ARM.Collect$$_printf_percent$$0000000A)
    _printf_o                                0x30000810   ARM Code       0  _printf_o.o(.ARM.Collect$$_printf_percent$$0000000B)
    _printf_x                                0x30000818   ARM Code       0  _printf_x.o(.ARM.Collect$$_printf_percent$$0000000C)
    _printf_lli                              0x30000820   ARM Code       0  _printf_lli.o(.ARM.Collect$$_printf_percent$$0000000D)
    _printf_lld                              0x30000828   ARM Code       0  _printf_lld.o(.ARM.Collect$$_printf_percent$$0000000E)
    _printf_llu                              0x30000830   ARM Code       0  _printf_llu.o(.ARM.Collect$$_printf_percent$$0000000F)
    _printf_llo                              0x30000838   ARM Code       0  _printf_llo.o(.ARM.Collect$$_printf_percent$$00000010)
    _printf_llx                              0x30000840   ARM Code       0  _printf_llx.o(.ARM.Collect$$_printf_percent$$00000011)
    _printf_l                                0x30000848   ARM Code       0  _printf_l.o(.ARM.Collect$$_printf_percent$$00000012)
    _printf_c                                0x30000854   ARM Code       0  _printf_c.o(.ARM.Collect$$_printf_percent$$00000013)
    _printf_s                                0x3000085c   ARM Code       0  _printf_s.o(.ARM.Collect$$_printf_percent$$00000014)
    _printf_lc                               0x30000864   ARM Code       0  _printf_lc.o(.ARM.Collect$$_printf_percent$$00000015)
    _printf_ls                               0x3000086c   ARM Code       0  _printf_ls.o(.ARM.Collect$$_printf_percent$$00000016)
    _printf_percent_end                      0x30000874   ARM Code       0  _printf_percent_end.o(.ARM.Collect$$_printf_percent$$00000017)
    __rt_lib_init_lc_ctype_2                 0x3000087d   Thumb Code     0  libinit2.o(.ARM.Collect$$libinit$$0000000F)
    __rt_lib_init_lc_numeric_2               0x3000087d   Thumb Code     0  libinit2.o(.ARM.Collect$$libinit$$00000013)
    light                                    0x3000087c   ARM Code     140  main.o(.text)
    bright                                   0x30000908   ARM Code      56  main.o(.text)
    Main                                     0x30000940   ARM Code     288  main.o(.text)
    Delay                                    0x30000a70   ARM Code     224  2440lib.o(.text)
    Port_Init0                               0x30000b50   ARM Code     160  2440lib.o(.text)
    Port_Init                                0x30000bf0   ARM Code     160  2440lib.o(.text)
    Uart_Init                                0x30000c90   ARM Code     456  2440lib.o(.text)
    Uart_Select                              0x30000e58   ARM Code      12  2440lib.o(.text)
    Uart_TxEmpty                             0x30000e64   ARM Code      96  2440lib.o(.text)
    Uart_Getch                               0x30000ec4   ARM Code     152  2440lib.o(.text)
    Uart_GetKey                              0x30000f5c   ARM Code     164  2440lib.o(.text)
    Uart_SendByte                            0x30001000   ARM Code     264  2440lib.o(.text)
    Uart_SendString                          0x30001108   ARM Code      40  2440lib.o(.text)
    Uart_Printf                              0x30001130   ARM Code      56  2440lib.o(.text)
    Uart_GetString                           0x30001168   ARM Code     100  2440lib.o(.text)
    Uart_GetIntNum                           0x300011cc   ARM Code     464  2440lib.o(.text)
    Uart_GetIntNum_GJ                        0x3000139c   ARM Code     164  2440lib.o(.text)
    Led_Display                              0x30001440   ARM Code      36  2440lib.o(.text)
    Buzzer_Freq_Set                          0x30001464   ARM Code     212  2440lib.o(.text)
    Buzzer_Stop                              0x30001538   ARM Code      56  2440lib.o(.text)
    Beep                                     0x30001570   ARM Code      40  2440lib.o(.text)
    BUZZER_PWM_Test                          0x30001598   ARM Code     160  2440lib.o(.text)
    LcdBkLtSet                               0x30001638   ARM Code     416  2440lib.o(.text)
    LCD_BackLight_Control                    0x300017d8   ARM Code     152  2440lib.o(.text)
    Timer_Start                              0x30001870   ARM Code      84  2440lib.o(.text)
    Timer_Stop                               0x300018c4   ARM Code      60  2440lib.o(.text)
    ChangeMPllValue                          0x30001900   ARM Code      24  2440lib.o(.text)
    ChangeClockDivider                       0x30001918   ARM Code     496  2440lib.o(.text)
    ChangeUPllValue                          0x30001b08   ARM Code      24  2440lib.o(.text)
    malloc                                   0x30001b20   ARM Code     104  2440lib.o(.text)
    free                                     0x30001b88   ARM Code      12  2440lib.o(.text)
    Lcd_Init                                 0x30001b9c   ARM Code     184  lcd_tft.o(.text)
    Lcd_EnvidOnOff                           0x30001c54   ARM Code      60  lcd_tft.o(.text)
    Lcd_MoveViewPort                         0x30001cf4   ARM Code     108  lcd_tft.o(.text)
    PutPixel                                 0x30001d60   ARM Code      48  lcd_tft.o(.text)
    Lcd_ClearScr                             0x30001d90   ARM Code      76  lcd_tft.o(.text)
    Glib_Line                                0x30001ddc   ARM Code     648  lcd_tft.o(.text)
    Glib_Rectangle                           0x30002064   ARM Code     128  lcd_tft.o(.text)
    Glib_FilledRectangle                     0x300020e4   ARM Code      76  lcd_tft.o(.text)
    Paint_Bmp                                0x30002130   ARM Code     116  lcd_tft.o(.text)
    Lcd_TFT_Init                             0x300021a4   ARM Code     328  lcd_tft.o(.text)
    w_hanzi_16                               0x300022ec   ARM Code     260  lcd_tft.o(.text)
    w_symbol                                 0x300023f0   ARM Code     120  lcd_tft.o(.text)
    w_symbol_16x16                           0x30002468   ARM Code     196  lcd_tft.o(.text)
    EINT0_ISR                                0x30002564   ARM Code     288  eint.o(.text)
    eint0_init                               0x30002684   ARM Code     160  eint.o(.text)
    Set_GPIO_To_Input                        0x3000273c   ARM Code     420  io_api.o(.text)
    Set_GPIO_To_Output                       0x300028e0   ARM Code     672  io_api.o(.text)
    SetGPIO                                  0x30002b80   ARM Code     392  io_api.o(.text)
    ClearGPIO                                0x30002d08   ARM Code     392  io_api.o(.text)
    GetGPIO                                  0x30002e90   ARM Code     540  io_api.o(.text)
    PollUpGPIO                               0x300030ac   ARM Code     640  io_api.o(.text)
    delay_us                                 0x30003330   ARM Code      36  radio_api.o(.text)
    delay_ms                                 0x30003354   ARM Code      48  radio_api.o(.text)
    Radio_Reg_Write                          0x30003384   ARM Code     104  radio_api.o(.text)
    Radio_Reg_Read                           0x300033ec   ARM Code     124  radio_api.o(.text)
    tuner_mute                               0x30003468   ARM Code      84  radio_api.o(.text)
    Set_FM_StereoMono                        0x300034bc   ARM Code     152  radio_api.o(.text)
    BK1086_POWER                             0x30003554   ARM Code      96  radio_api.o(.text)
    BK1086_FreqToChan                        0x300035b4   ARM Code      44  radio_api.o(.text)
    BK1086_SetFreq                           0x300035e0   ARM Code     100  radio_api.o(.text)
    BK1086_ValidStop                         0x30003644   ARM Code     336  radio_api.o(.text)
    Tuner_Init                               0x30003794   ARM Code      72  radio_api.o(.text)
    BK1086_SetVolumeLevel                    0x300037dc   ARM Code      76  radio_api.o(.text)
    Set_Data_in                              0x30003840   ARM Code      20  fm_i2c.o(.text)
    Set_Data_out                             0x30003854   ARM Code      20  fm_i2c.o(.text)
    Set_Clk_out                              0x30003868   ARM Code      20  fm_i2c.o(.text)
    I2C_SDA_H                                0x3000387c   ARM Code      20  fm_i2c.o(.text)
    I2C_SDA_L                                0x30003890   ARM Code      20  fm_i2c.o(.text)
    I2C_SCL_H                                0x300038a4   ARM Code      20  fm_i2c.o(.text)
    I2C_SCL_L                                0x300038b8   ARM Code      20  fm_i2c.o(.text)
    I2C_SDA_GET                              0x300038cc   ARM Code      20  fm_i2c.o(.text)
    delay_i2c                                0x300038e0   ARM Code      24  fm_i2c.o(.text)
    BK1086_i2c_start_sig                     0x300038f8   ARM Code      48  fm_i2c.o(.text)
    BK1086_i2c_stop_sig                      0x30003928   ARM Code      48  fm_i2c.o(.text)
    BK1086_i2c_ack                           0x30003958   ARM Code      68  fm_i2c.o(.text)
    BK1086_i2c_byte_w                        0x3000399c   ARM Code     128  fm_i2c.o(.text)
    BK1086_i2c_byte_r                        0x30003a1c   ARM Code     128  fm_i2c.o(.text)
    BEKEN_I2C_init                           0x30003a9c   ARM Code      28  fm_i2c.o(.text)
    BEKEN_I2C_Start                          0x30003ab8   ARM Code      52  fm_i2c.o(.text)
    BEKEN_I2C_Stop                           0x30003aec   ARM Code      52  fm_i2c.o(.text)
    BEKEN_I2C_ack                            0x30003b20   ARM Code      48  fm_i2c.o(.text)
    BEKEN_I2C_nack                           0x30003b50   ARM Code      48  fm_i2c.o(.text)
    BEKEN_I2C_ReceiveACK                     0x30003b80   ARM Code      60  fm_i2c.o(.text)
    BEKEN_I2C_sendbyte                       0x30003bbc   ARM Code     104  fm_i2c.o(.text)
    BEKEN_I2C_readbyte                       0x30003c24   ARM Code     104  fm_i2c.o(.text)
    Inline Thumb to ARM Veneer to __rt_ctype_table 0x30003c8d   Thumb Code     4  rt_ctype_table.o(.text)
    __rt_ctype_table                         0x30003c90   ARM Code      24  rt_ctype_table.o(.text)
    Inline ARM to Thumb Veneer to __c89vsprintf 0x30003ca8   ARM Code       8  c89vsprintf.o(.text)
    __c89vsprintf                            0x30003cb1   Thumb Code    36  c89vsprintf.o(.text)
    Inline ARM to Thumb Veneer to atoi       0x30003cd8   ARM Code       8  atoi.o(.text)
    atoi                                     0x30003ce1   Thumb Code    30  atoi.o(.text)
    Inline ARM to Thumb Veneer to strlen     0x30003d00   ARM Code       8  strlen.o(.text)
    strlen                                   0x30003d09   Thumb Code    64  strlen.o(.text)
    __aeabi_memclr4                          0x30003d4c   ARM Code       0  rt_memclr_w.o(.text)
    __aeabi_memclr8                          0x30003d4c   ARM Code       0  rt_memclr_w.o(.text)
    __rt_memclr_w                            0x30003d4c   ARM Code      84  rt_memclr_w.o(.text)
    _memset_w                                0x30003d50   ARM Code       0  rt_memclr_w.o(.text)
    Inline Thumb to ARM Veneer to __aeabi_idivmod 0x30003da1   Thumb Code     4  aeabi_sdiv.o(.text)
    __aeabi_idiv                             0x30003da4   ARM Code       0  aeabi_sdiv.o(.text)
    __aeabi_idivmod                          0x30003da4   ARM Code     384  aeabi_sdiv.o(.text)
    Inline Thumb to ARM Veneer to __rt_locale 0x30003f25   Thumb Code     4  rt_locale.o(.text)
    __rt_locale                              0x30003f28   ARM Code      16  rt_locale.o(.text)
    Inline Thumb to ARM Veneer to __aeabi_errno_addr 0x30003f39   Thumb Code     4  rt_errno_addr.o(.text)
    __aeabi_errno_addr                       0x30003f3c   ARM Code      16  rt_errno_addr.o(.text)
    __errno                                  0x30003f3c   ARM Code       0  rt_errno_addr.o(.text)
    __rt_errno_addr                          0x30003f3c   ARM Code       0  rt_errno_addr.o(.text)
    _printf_pre_padding                      0x30003f4d   Thumb Code    48  _printf_pad.o(.text)
    _printf_post_padding                     0x30003f7d   Thumb Code    36  _printf_pad.o(.text)
    _printf_truncate_signed                  0x30003fa1   Thumb Code    22  _printf_truncate.o(.text)
    _printf_truncate_unsigned                0x30003fb7   Thumb Code    22  _printf_truncate.o(.text)
    _printf_str                              0x30003fcd   Thumb Code    88  _printf_str.o(.text)
    Inline ARM to Thumb Veneer to _printf_int_dec 0x30004024   ARM Code       8  _printf_dec.o(.text)
    _printf_int_dec                          0x3000402d   Thumb Code    94  _printf_dec.o(.text)
    Inline ARM to Thumb Veneer to _printf_charcount 0x3000409c   ARM Code       8  _printf_charcount.o(.text)
    _printf_charcount                        0x300040a5   Thumb Code    40  _printf_charcount.o(.text)
    _printf_char_common                      0x300040d7   Thumb Code    34  _printf_char_common.o(.text)
    _sputc                                   0x300040fd   Thumb Code    10  _sputc.o(.text)
    _printf_wctomb                           0x30004109   Thumb Code   188  _printf_wctomb.o(.text)
    Inline ARM to Thumb Veneer to _printf_longlong_dec 0x300041c8   ARM Code       8  _printf_longlong_dec.o(.text)
    _printf_longlong_dec                     0x300041d1   Thumb Code    98  _printf_longlong_dec.o(.text)
    Inline ARM to Thumb Veneer to _printf_int_oct 0x30004244   ARM Code       8  _printf_oct_int_ll.o(.text)
    _printf_longlong_oct                     0x3000424d   Thumb Code    72  _printf_oct_int_ll.o(.text)
    _printf_int_oct                          0x30004295   Thumb Code    28  _printf_oct_int_ll.o(.text)
    _printf_ll_oct                           0x300042b1   Thumb Code    10  _printf_oct_int_ll.o(.text)
    Inline ARM to Thumb Veneer to _printf_hex_ptr 0x300042c4   ARM Code       8  _printf_hex_int_ll_ptr.o(.text)
    _printf_longlong_hex                     0x300042cd   Thumb Code    92  _printf_hex_int_ll_ptr.o(.text)
    _printf_int_hex                          0x30004329   Thumb Code    32  _printf_hex_int_ll_ptr.o(.text)
    _printf_ll_hex                           0x30004349   Thumb Code    10  _printf_hex_int_ll_ptr.o(.text)
    _printf_hex_ptr                          0x30004353   Thumb Code    22  _printf_hex_int_ll_ptr.o(.text)
    __printf                                 0x3000436d   Thumb Code   420  __printf_flags_ss_wp.o(.text)
    strtol                                   0x30004515   Thumb Code   112  strtol.o(.text)
    Inline Thumb to ARM Veneer to _ll_udiv10 0x30004589   Thumb Code     4  lludiv10.o(.text)
    _ll_udiv10                               0x3000458c   ARM Code     160  lludiv10.o(.text)
    _printf_int_common                       0x3000462d   Thumb Code   182  _printf_intcommon.o(.text)
    __lib_sel_fp_printf                      0x300046e5   Thumb Code     2  _printf_fp_dec.o(.text)
    _printf_fp_dec_real                      0x3000487f   Thumb Code   616  _printf_fp_dec.o(.text)
    Inline ARM to Thumb Veneer to _printf_char 0x30004af4   ARM Code       8  _printf_char.o(.text)
    _printf_cs_common                        0x30004afd   Thumb Code    26  _printf_char.o(.text)
    _printf_char                             0x30004b17   Thumb Code    16  _printf_char.o(.text)
    _printf_string                           0x30004b27   Thumb Code     8  _printf_char.o(.text)
    Inline ARM to Thumb Veneer to _printf_wchar 0x30004b30   ARM Code       8  _printf_wchar.o(.text)
    _printf_lcs_common                       0x30004b39   Thumb Code    26  _printf_wchar.o(.text)
    _printf_wchar                            0x30004b53   Thumb Code    16  _printf_wchar.o(.text)
    _printf_wstring                          0x30004b63   Thumb Code     8  _printf_wchar.o(.text)
    _strtoul                                 0x30004b6b   Thumb Code   170  _strtoul.o(.text)
    _wcrtomb                                 0x30004c15   Thumb Code    74  _wcrtomb.o(.text)
    strcmp                                   0x30004c60   ARM Code     156  strcmp.o(.text)
    Inline Thumb to ARM Veneer to __rt_udiv10 0x30004d01   Thumb Code     4  rtudiv10.o(.text)
    __rt_udiv10                              0x30004d04   ARM Code      44  rtudiv10.o(.text)
    _printf_fp_infnan                        0x30004d31   Thumb Code   124  _printf_fp_infnan.o(.text)
    _chval                                   0x30004dbd   Thumb Code    34  _chval.o(.text)
    _btod_etento                             0x30004de1   Thumb Code   210  bigflt0.o(.text)
    __aeabi_uidiv                            0x30004eb8   ARM Code       0  aeabi_sdiv.o(.text_udiv)
    __aeabi_uidivmod                         0x30004eb8   ARM Code      36  aeabi_sdiv.o(.text_udiv)
    EnterCritical                            0x30004edc   ARM Code       0  2440slib.o(C$$code)
    ExitCritical                             0x30004ef0   ARM Code       0  2440slib.o(C$$code)
    SET_IF                                   0x30004efc   ARM Code       0  2440slib.o(C$$code)
    WR_IF                                    0x30004f10   ARM Code       0  2440slib.o(C$$code)
    CLR_IF                                   0x30004f18   ARM Code       0  2440slib.o(C$$code)
    outportw                                 0x30004f28   ARM Code       4  2440slib.o(C$$code)
    inportw                                  0x30004f30   ARM Code       4  2440slib.o(C$$code)
    MMU_EnableICache                         0x30004f38   ARM Code       0  2440slib.o(C$$code)
    MMU_DisableICache                        0x30004f48   ARM Code       0  2440slib.o(C$$code)
    MMU_EnableDCache                         0x30004f58   ARM Code       0  2440slib.o(C$$code)
    MMU_DisableDCache                        0x30004f68   ARM Code       0  2440slib.o(C$$code)
    MMU_EnableAlignFault                     0x30004f78   ARM Code       0  2440slib.o(C$$code)
    MMU_DisableAlignFault                    0x30004f88   ARM Code       0  2440slib.o(C$$code)
    MMU_EnableMMU                            0x30004f98   ARM Code       0  2440slib.o(C$$code)
    MMU_DisableMMU                           0x30004fa8   ARM Code       0  2440slib.o(C$$code)
    MMU_SetFastBusMode                       0x30004fb8   ARM Code       0  2440slib.o(C$$code)
    MMU_SetAsyncBusMode                      0x30004fc8   ARM Code       0  2440slib.o(C$$code)
    MMU_SetTTBase                            0x30004fd8   ARM Code       0  2440slib.o(C$$code)
    MMU_SetDomain                            0x30004fe0   ARM Code       0  2440slib.o(C$$code)
    MMU_InvalidateIDCache                    0x30004fe8   ARM Code       0  2440slib.o(C$$code)
    MMU_InvalidateICache                     0x30004ff0   ARM Code       0  2440slib.o(C$$code)
    MMU_InvalidateICacheMVA                  0x30004ff8   ARM Code       0  2440slib.o(C$$code)
    MMU_PrefetchICacheMVA                    0x30005000   ARM Code       0  2440slib.o(C$$code)
    MMU_InvalidateDCache                     0x30005008   ARM Code       0  2440slib.o(C$$code)
    MMU_InvalidateDCacheMVA                  0x30005010   ARM Code       0  2440slib.o(C$$code)
    MMU_CleanDCacheMVA                       0x30005018   ARM Code       0  2440slib.o(C$$code)
    MMU_CleanInvalidateDCacheMVA             0x30005020   ARM Code       0  2440slib.o(C$$code)
    MMU_CleanDCacheIndex                     0x30005028   ARM Code       0  2440slib.o(C$$code)
    MMU_CleanInvalidateDCacheIndex           0x30005030   ARM Code       0  2440slib.o(C$$code)
    MMU_WaitForInterrupt                     0x30005038   ARM Code       0  2440slib.o(C$$code)
    MMU_InvalidateTLB                        0x30005040   ARM Code       0  2440slib.o(C$$code)
    MMU_InvalidateITLB                       0x30005048   ARM Code       0  2440slib.o(C$$code)
    MMU_InvalidateITLBMVA                    0x30005050   ARM Code       0  2440slib.o(C$$code)
    MMU_InvalidateDTLB                       0x30005058   ARM Code       0  2440slib.o(C$$code)
    MMU_InvalidateDTLBMVA                    0x30005060   ARM Code       0  2440slib.o(C$$code)
    MMU_SetDCacheLockdownBase                0x30005068   ARM Code       0  2440slib.o(C$$code)
    MMU_SetICacheLockdownBase                0x30005070   ARM Code       0  2440slib.o(C$$code)
    MMU_SetDTLBLockdown                      0x30005078   ARM Code       0  2440slib.o(C$$code)
    MMU_SetITLBLockdown                      0x30005080   ARM Code       0  2440slib.o(C$$code)
    MMU_SetProcessId                         0x30005088   ARM Code       0  2440slib.o(C$$code)
    Inline Thumb to ARM Veneer to _btod_d2e  0x30005091   Thumb Code     4  btod.o(CL$$btod_d2e)
    _btod_d2e                                0x30005094   ARM Code      56  btod.o(CL$$btod_d2e)
    _d2e_denorm_low                          0x300050cc   ARM Code      84  btod.o(CL$$btod_d2e_denorm_low)
    _d2e_norm_op1                            0x30005120   ARM Code     104  btod.o(CL$$btod_d2e_norm_op1)
    __btod_div_common                        0x30005188   ARM Code     716  btod.o(CL$$btod_div_common)
    _e2e                                     0x300054d4   ARM Code     220  btod.o(CL$$btod_e2e)
    Inline Thumb to ARM Veneer to _btod_ediv 0x300055b1   Thumb Code     4  btod.o(CL$$btod_ediv)
    _btod_ediv                               0x300055b4   ARM Code      52  btod.o(CL$$btod_ediv)
    Inline Thumb to ARM Veneer to _btod_emul 0x300055e9   Thumb Code     4  btod.o(CL$$btod_emul)
    _btod_emul                               0x300055ec   ARM Code      52  btod.o(CL$$btod_emul)
    __btod_mult_common                       0x30005620   ARM Code     616  btod.o(CL$$btod_mult_common)
    Long ARM to Thumb Veneer to _printf_int_hex 0x30005888   ARM Code      12  anon$$obj.o(Veneer$$Code)
    Long ARM to Thumb Veneer to _printf_ll_oct 0x30005894   ARM Code      12  anon$$obj.o(Veneer$$Code)
    Long ARM to Thumb Veneer to _printf_ll_hex 0x300058a0   ARM Code      12  anon$$obj.o(Veneer$$Code)
    Long ARM to Thumb Veneer to _printf_string 0x300058ac   ARM Code      12  anon$$obj.o(Veneer$$Code)
    Long ARM to Thumb Veneer to _printf_wstring 0x300058b8   ARM Code      12  anon$$obj.o(Veneer$$Code)
    Long ARM to Thumb Veneer to _printf_fp_dec_real 0x300058c4   ARM Code      12  anon$$obj.o(Veneer$$Code)
    __ARM_common_call_via_r1                 0x300058d1   Thumb Code     2  __printf.o(i.__ARM_common_call_via_r1)
    __ARM_common_call_via_r2                 0x300058d3   Thumb Code     2  _printf_wctomb.o(i.__ARM_common_call_via_r2)
    __ARM_common_call_via_r3                 0x300058d5   Thumb Code     2  _wcrtomb.o(i.__ARM_common_call_via_r3)
    Inline Thumb to ARM Veneer to __ARM_fpclassify 0x300058d9   Thumb Code     4  fpclassify.o(i.__ARM_fpclassify)
    __ARM_fpclassify                         0x300058dc   ARM Code      48  fpclassify.o(i.__ARM_fpclassify)
    _get_lc_ctype                            0x3000590c   ARM Code      80  lc_ctype_c.o(locale$$code)
    _get_lc_numeric                          0x3000595c   ARM Code      80  lc_numeric_c.o(locale$$code)
    __aeabi_dadd                             0x300059ac   ARM Code       0  daddsub_noclz.o(x$fpl$dadd)
    _dadd                                    0x300059ac   ARM Code     332  daddsub_noclz.o(x$fpl$dadd)
    __aeabi_ddiv                             0x30005afc   ARM Code       0  ddiv.o(x$fpl$ddiv)
    _ddiv                                    0x30005afc   ARM Code     600  ddiv.o(x$fpl$ddiv)
    __aeabi_d2iz                             0x30005ddc   ARM Code       0  dfix.o(x$fpl$dfix)
    _dfix                                    0x30005ddc   ARM Code     112  dfix.o(x$fpl$dfix)
    __aeabi_i2d                              0x30005e4c   ARM Code       0  dflt_noclz.o(x$fpl$dflt)
    _dflt                                    0x30005e4c   ARM Code      88  dflt_noclz.o(x$fpl$dflt)
    __dflt_normalise                         0x30005e5c   ARM Code       0  dflt_noclz.o(x$fpl$dflt)
    __fpl_dnaninf                            0x30005ea4   ARM Code     192  dnaninf.o(x$fpl$dnaninf)
    __fpl_dretinf                            0x30005f64   ARM Code      16  dretinf.o(x$fpl$dretinf)
    __aeabi_dsub                             0x30005f74   ARM Code       0  daddsub_noclz.o(x$fpl$dsub)
    _dsub                                    0x30005f74   ARM Code     576  daddsub_noclz.o(x$fpl$dsub)
    Inline Thumb to ARM Veneer to __ieee_status 0x300061b9   Thumb Code     4  istatus.o(x$fpl$ieeestatus)
    __ieee_status                            0x300061bc   ARM Code       8  istatus.o(x$fpl$ieeestatus)
    _printf_fp_dec                           0x300061c4   ARM Code       4  printf1.o(x$fpl$printf1)
    __I$use$fp                               0x300061c8   ARM Code       0  usenofp.o(x$fpl$usenofp)
    gImage_image                             0x3000f968   Data       38400  main.o(.constdata)
    image_160120_1                           0x30018f68   Data       38400  main.o(.constdata)
    image_160120_2                           0x30022568   Data       38400  main.o(.constdata)
    COLOR                                    0x301d1968   Data          28  main.o(.constdata)
    __ctype                                  0x301d1a71   Data           0  lc_ctype_c.o(locale$$data)
    Image$$ER_ROM1$$RO$$Limit                0x301d1b90   Number         0  lc_numeric_c.o(locale$$data)
    Image$$RW_RAM1$$RW$$Base                 0x30800000   Number         0  main.o(.data)
    FCLK                                     0x30800038   Data           4  main.o(.data)
    HCLK                                     0x3080003c   Data           4  main.o(.data)
    PCLK                                     0x30800040   Data           4  main.o(.data)
    UCLK                                     0x30800044   Data           4  main.o(.data)
    mallocPt                                 0x30800048   Data           4  2440lib.o(.data)
    StereoMonoMode                           0x30800078   Data           1  radio_api.o(.data)
    StereoMode                               0x30800079   Data           1  radio_api.o(.data)
    g_last_freq_deviation_value              0x3080007a   Data           2  radio_api.o(.data)
    BK1086_FM_initialization_reg             0x3080007c   Data          68  radio_api.o(.data)
    Image$$RW_RAM1$$RW$$Limit                0x308000c0   Number         0  radio_api.o(.data)
    Image$$RW_RAM1$$ZI$$Base                 0x308000c0   Number         0  lcd_tft.o(.bss)
    LCD_BUFFER                               0x308000c0   Data       153600  lcd_tft.o(.bss)
    Image$$RW_RAM1$$ZI$$Limit                0x308258d8   Number         0  rt_errno_addr.o(.bss)



==============================================================================

Memory Map of the image

  Image Entry point : 0x30000000

  Load Region LR_ROM1 (Base: 0x30000000, Size: 0x001d1c50, Max: 0xffffffff, ABSOLUTE)

    Execution Region ER_ROM1 (Base: 0x30000000, Size: 0x001d1b90, Max: 0x00800000, ABSOLUTE)

    Base Addr    Size         Type   Attr      Idx    E Section Name        Object

    0x30000000   0x000007b8   Code   RO          122  * RESET               2440init.o
    0x300007b8   0x00000004   Ven    RO          428    .ARM.Collect$$_printf_percent$$00000000  c_t.l(_printf_percent.o)(c_t.l)
    0x300007bc   0x00000000   Code   RO          428    .ARM.Collect$$_printf_percent$$00000000  c_t.l(_printf_percent.o)(c_t.l)
    0x300007bc   0x00000008   Code   RO          417    .ARM.Collect$$_printf_percent$$00000001  c_t.l(_printf_n.o)(c_t.l)
    0x300007c4   0x00000008   Code   RO          419    .ARM.Collect$$_printf_percent$$00000002  c_t.l(_printf_p.o)(c_t.l)
    0x300007cc   0x00000008   Code   RO          424    .ARM.Collect$$_printf_percent$$00000003  c_t.l(_printf_f.o)(c_t.l)
    0x300007d4   0x00000008   Code   RO          425    .ARM.Collect$$_printf_percent$$00000004  c_t.l(_printf_e.o)(c_t.l)
    0x300007dc   0x00000008   Code   RO          426    .ARM.Collect$$_printf_percent$$00000005  c_t.l(_printf_g.o)(c_t.l)
    0x300007e4   0x00000008   Code   RO          427    .ARM.Collect$$_printf_percent$$00000006  c_t.l(_printf_a.o)(c_t.l)
    0x300007ec   0x0000000c   Code   RO          432    .ARM.Collect$$_printf_percent$$00000007  c_t.l(_printf_ll.o)(c_t.l)
    0x300007f8   0x00000008   Code   RO          421    .ARM.Collect$$_printf_percent$$00000008  c_t.l(_printf_i.o)(c_t.l)
    0x30000800   0x00000008   Code   RO          422    .ARM.Collect$$_printf_percent$$00000009  c_t.l(_printf_d.o)(c_t.l)
    0x30000808   0x00000008   Code   RO          423    .ARM.Collect$$_printf_percent$$0000000A  c_t.l(_printf_u.o)(c_t.l)
    0x30000810   0x00000008   Code   RO          420    .ARM.Collect$$_printf_percent$$0000000B  c_t.l(_printf_o.o)(c_t.l)
    0x30000818   0x00000008   Code   RO          418    .ARM.Collect$$_printf_percent$$0000000C  c_t.l(_printf_x.o)(c_t.l)
    0x30000820   0x00000008   Code   RO          429    .ARM.Collect$$_printf_percent$$0000000D  c_t.l(_printf_lli.o)(c_t.l)
    0x30000828   0x00000008   Code   RO          430    .ARM.Collect$$_printf_percent$$0000000E  c_t.l(_printf_lld.o)(c_t.l)
    0x30000830   0x00000008   Code   RO          431    .ARM.Collect$$_printf_percent$$0000000F  c_t.l(_printf_llu.o)(c_t.l)
    0x30000838   0x00000008   Code   RO          436    .ARM.Collect$$_printf_percent$$00000010  c_t.l(_printf_llo.o)(c_t.l)
    0x30000840   0x00000008   Code   RO          437    .ARM.Collect$$_printf_percent$$00000011  c_t.l(_printf_llx.o)(c_t.l)
    0x30000848   0x0000000c   Code   RO          433    .ARM.Collect$$_printf_percent$$00000012  c_t.l(_printf_l.o)(c_t.l)
    0x30000854   0x00000008   Code   RO          415    .ARM.Collect$$_printf_percent$$00000013  c_t.l(_printf_c.o)(c_t.l)
    0x3000085c   0x00000008   Code   RO          416    .ARM.Collect$$_printf_percent$$00000014  c_t.l(_printf_s.o)(c_t.l)
    0x30000864   0x00000008   Code   RO          434    .ARM.Collect$$_printf_percent$$00000015  c_t.l(_printf_lc.o)(c_t.l)
    0x3000086c   0x00000008   Code   RO          435    .ARM.Collect$$_printf_percent$$00000016  c_t.l(_printf_ls.o)(c_t.l)
    0x30000874   0x00000008   Code   RO          471    .ARM.Collect$$_printf_percent$$00000017  c_t.l(_printf_percent_end.o)(c_t.l)
    0x3000087c   0x00000000   Code   RO          493    .ARM.Collect$$libinit$$0000000F  c_t.l(libinit2.o)(c_t.l)
    0x3000087c   0x00000000   Code   RO          497    .ARM.Collect$$libinit$$00000013  c_t.l(libinit2.o)(c_t.l)
    0x3000087c   0x000001f4   Code   RO            1    .text               main.o
    0x30000a70   0x0000112c   Code   RO          127    .text               2440lib.o
    0x30001b9c   0x000009c8   Code   RO          184    .text               lcd_tft.o
    0x30002564   0x000001d8   Code   RO          220    .text               eint.o
    0x3000273c   0x00000bf4   Code   RO          235    .text               io_api.o
    0x30003330   0x00000510   Code   RO          250    .text               radio_api.o
    0x30003840   0x0000044c   Code   RO          267    .text               fm_i2c.o
    0x30003c8c   0x00000004   Ven    RO          284    .text               c_t.l(rt_ctype_table.o)(c_t.l)
    0x30003c90   0x00000018   Code   RO          284    .text               c_t.l(rt_ctype_table.o)(c_t.l)
    0x30003ca8   0x00000008   Ven    RO          286    .text               c_t.l(c89vsprintf.o)(c_t.l)
    0x30003cb0   0x00000028   Code   RO          286    .text               c_t.l(c89vsprintf.o)(c_t.l)
    0x30003cd8   0x00000008   Ven    RO          288    .text               c_t.l(atoi.o)(c_t.l)
    0x30003ce0   0x0000001e   Code   RO          288    .text               c_t.l(atoi.o)(c_t.l)
    0x30003cfe   0x00000002   PAD
    0x30003d00   0x00000008   Ven    RO          290    .text               c_t.l(strlen.o)(c_t.l)
    0x30003d08   0x00000044   Code   RO          290    .text               c_t.l(strlen.o)(c_t.l)
    0x30003d4c   0x00000054   Code   RO          292    .text               c_t.l(rt_memclr_w.o)(c_t.l)
    0x30003da0   0x00000004   Ven    RO          294    .text               c_t.l(aeabi_sdiv.o)(c_t.l)
    0x30003da4   0x00000180   Code   RO          294    .text               c_t.l(aeabi_sdiv.o)(c_t.l)
    0x30003f24   0x00000004   Ven    RO          332    .text               c_t.l(rt_locale.o)(c_t.l)
    0x30003f28   0x00000010   Code   RO          332    .text               c_t.l(rt_locale.o)(c_t.l)
    0x30003f38   0x00000004   Ven    RO          337    .text               c_t.l(rt_errno_addr.o)(c_t.l)
    0x30003f3c   0x00000010   Code   RO          337    .text               c_t.l(rt_errno_addr.o)(c_t.l)
    0x30003f4c   0x00000054   Code   RO          348    .text               c_t.l(_printf_pad.o)(c_t.l)
    0x30003fa0   0x0000002c   Code   RO          350    .text               c_t.l(_printf_truncate.o)(c_t.l)
    0x30003fcc   0x00000058   Code   RO          352    .text               c_t.l(_printf_str.o)(c_t.l)
    0x30004024   0x00000008   Ven    RO          354    .text               c_t.l(_printf_dec.o)(c_t.l)
    0x3000402c   0x00000070   Code   RO          354    .text               c_t.l(_printf_dec.o)(c_t.l)
    0x3000409c   0x00000008   Ven    RO          356    .text               c_t.l(_printf_charcount.o)(c_t.l)
    0x300040a4   0x00000028   Code   RO          356    .text               c_t.l(_printf_charcount.o)(c_t.l)
    0x300040cc   0x00000030   Code   RO          358    .text               c_t.l(_printf_char_common.o)(c_t.l)
    0x300040fc   0x0000000a   Code   RO          360    .text               c_t.l(_sputc.o)(c_t.l)
    0x30004106   0x00000002   PAD
    0x30004108   0x000000c0   Code   RO          362    .text               c_t.l(_printf_wctomb.o)(c_t.l)
    0x300041c8   0x00000008   Ven    RO          368    .text               c_t.l(_printf_longlong_dec.o)(c_t.l)
    0x300041d0   0x00000074   Code   RO          368    .text               c_t.l(_printf_longlong_dec.o)(c_t.l)
    0x30004244   0x00000008   Ven    RO          374    .text               c_t.l(_printf_oct_int_ll.o)(c_t.l)
    0x3000424c   0x00000078   Code   RO          374    .text               c_t.l(_printf_oct_int_ll.o)(c_t.l)
    0x300042c4   0x00000008   Ven    RO          394    .text               c_t.l(_printf_hex_int_ll_ptr.o)(c_t.l)
    0x300042cc   0x000000a0   Code   RO          394    .text               c_t.l(_printf_hex_int_ll_ptr.o)(c_t.l)
    0x3000436c   0x000001a8   Code   RO          412    .text               c_t.l(__printf_flags_ss_wp.o)(c_t.l)
    0x30004514   0x00000074   Code   RO          438    .text               c_t.l(strtol.o)(c_t.l)
    0x30004588   0x00000004   Ven    RO          455    .text               c_t.l(lludiv10.o)(c_t.l)
    0x3000458c   0x000000a0   Code   RO          455    .text               c_t.l(lludiv10.o)(c_t.l)
    0x3000462c   0x000000b6   Code   RO          457    .text               c_t.l(_printf_intcommon.o)(c_t.l)
    0x300046e2   0x00000002   PAD
    0x300046e4   0x00000410   Code   RO          459    .text               c_t.l(_printf_fp_dec.o)(c_t.l)
    0x30004af4   0x00000008   Ven    RO          467    .text               c_t.l(_printf_char.o)(c_t.l)
    0x30004afc   0x00000032   Code   RO          467    .text               c_t.l(_printf_char.o)(c_t.l)
    0x30004b2e   0x00000002   PAD
    0x30004b30   0x00000008   Ven    RO          469    .text               c_t.l(_printf_wchar.o)(c_t.l)
    0x30004b38   0x00000032   Code   RO          469    .text               c_t.l(_printf_wchar.o)(c_t.l)
    0x30004b6a   0x000000aa   Code   RO          472    .text               c_t.l(_strtoul.o)(c_t.l)
    0x30004c14   0x0000004a   Code   RO          474    .text               c_t.l(_wcrtomb.o)(c_t.l)
    0x30004c5e   0x00000002   PAD
    0x30004c60   0x000000a0   Code   RO          478    .text               c_t.l(strcmp.o)(c_t.l)
    0x30004d00   0x00000004   Ven    RO          480    .text               c_t.l(rtudiv10.o)(c_t.l)
    0x30004d04   0x0000002c   Code   RO          480    .text               c_t.l(rtudiv10.o)(c_t.l)
    0x30004d30   0x0000008c   Code   RO          523    .text               c_t.l(_printf_fp_infnan.o)(c_t.l)
    0x30004dbc   0x00000022   Code   RO          525    .text               c_t.l(_chval.o)(c_t.l)
    0x30004dde   0x00000002   PAD
    0x30004de0   0x000000d8   Code   RO          527    .text               c_t.l(bigflt0.o)(c_t.l)
    0x30004eb8   0x00000024   Code   RO          295    .text_udiv          c_t.l(aeabi_sdiv.o)(c_t.l)
    0x30004edc   0x000001b4   Code   RO          150    C$$code             2440slib.o
    0x30005090   0x00000004   Ven    RO          530    CL$$btod_d2e        c_t.l(btod.o)(c_t.l)
    0x30005094   0x00000038   Code   RO          530    CL$$btod_d2e        c_t.l(btod.o)(c_t.l)
    0x300050cc   0x00000054   Code   RO          532    CL$$btod_d2e_denorm_low  c_t.l(btod.o)(c_t.l)
    0x30005120   0x00000068   Code   RO          531    CL$$btod_d2e_norm_op1  c_t.l(btod.o)(c_t.l)
    0x30005188   0x0000034c   Code   RO          540    CL$$btod_div_common  c_t.l(btod.o)(c_t.l)
    0x300054d4   0x000000dc   Code   RO          537    CL$$btod_e2e        c_t.l(btod.o)(c_t.l)
    0x300055b0   0x00000004   Ven    RO          534    CL$$btod_ediv       c_t.l(btod.o)(c_t.l)
    0x300055b4   0x00000034   Code   RO          534    CL$$btod_ediv       c_t.l(btod.o)(c_t.l)
    0x300055e8   0x00000004   Ven    RO          533    CL$$btod_emul       c_t.l(btod.o)(c_t.l)
    0x300055ec   0x00000034   Code   RO          533    CL$$btod_emul       c_t.l(btod.o)(c_t.l)
    0x30005620   0x00000268   Code   RO          539    CL$$btod_mult_common  c_t.l(btod.o)(c_t.l)
    0x30005888   0x0000000c   Ven    RO          633    Veneer$$Code        anon$$obj.o
    0x30005894   0x0000000c   Ven    RO          634    Veneer$$Code        anon$$obj.o
    0x300058a0   0x0000000c   Ven    RO          635    Veneer$$Code        anon$$obj.o
    0x300058ac   0x0000000c   Ven    RO          636    Veneer$$Code        anon$$obj.o
    0x300058b8   0x0000000c   Ven    RO          637    Veneer$$Code        anon$$obj.o
    0x300058c4   0x0000000c   Ven    RO          638    Veneer$$Code        anon$$obj.o
    0x300058d0   0x00000002   Code   RO          346    i.__ARM_common_call_via_r1  c_t.l(__printf.o)(c_t.l)
    0x300058d2   0x00000002   Code   RO          366    i.__ARM_common_call_via_r2  c_t.l(_printf_wctomb.o)(c_t.l)
    0x300058d4   0x00000002   Code   RO          476    i.__ARM_common_call_via_r3  c_t.l(_wcrtomb.o)(c_t.l)
    0x300058d6   0x00000002   PAD
    0x300058d8   0x00000004   Ven    RO          563    i.__ARM_fpclassify  m_ts.l(fpclassify.o)(m_ts.l)
    0x300058dc   0x00000030   Code   RO          563    i.__ARM_fpclassify  m_ts.l(fpclassify.o)(m_ts.l)
    0x3000590c   0x00000050   Code   RO          441    locale$$code        c_t.l(lc_ctype_c.o)(c_t.l)
    0x3000595c   0x00000050   Code   RO          553    locale$$code        c_t.l(lc_numeric_c.o)(c_t.l)
    0x300059ac   0x00000150   Code   RO          310    x$fpl$dadd          fz_ts.l(daddsub_noclz.o)(fz_ts.l)
    0x30005afc   0x000002e0   Code   RO          317    x$fpl$ddiv          fz_ts.l(ddiv.o)(fz_ts.l)
    0x30005ddc   0x00000070   Code   RO          320    x$fpl$dfix          fz_ts.l(dfix.o)(fz_ts.l)
    0x30005e4c   0x00000058   Code   RO          325    x$fpl$dflt          fz_ts.l(dflt_noclz.o)(fz_ts.l)
    0x30005ea4   0x000000c0   Code   RO          443    x$fpl$dnaninf       fz_ts.l(dnaninf.o)(fz_ts.l)
    0x30005f64   0x00000010   Code   RO          445    x$fpl$dretinf       fz_ts.l(dretinf.o)(fz_ts.l)
    0x30005f74   0x00000244   Code   RO          312    x$fpl$dsub          fz_ts.l(daddsub_noclz.o)(fz_ts.l)
    0x300061b8   0x00000004   Ven    RO          561    x$fpl$ieeestatus    fz_ts.l(istatus.o)(fz_ts.l)
    0x300061bc   0x00000008   Code   RO          561    x$fpl$ieeestatus    fz_ts.l(istatus.o)(fz_ts.l)
    0x300061c4   0x00000004   Code   RO          447    x$fpl$printf1       fz_ts.l(printf1.o)(fz_ts.l)
    0x300061c8   0x00000000   Code   RO          449    x$fpl$usenofp       fz_ts.l(usenofp.o)(fz_ts.l)
    0x300061c8   0x001cb7c4   Data   RO            2    .constdata          main.o
    0x301d198c   0x00000008   Data   RO          363    .constdata          c_t.l(_printf_wctomb.o)(c_t.l)
    0x301d1994   0x00000028   Data   RO          395    .constdata          c_t.l(_printf_hex_int_ll_ptr.o)(c_t.l)
    0x301d19bc   0x00000011   Data   RO          413    .constdata          c_t.l(__printf_flags_ss_wp.o)(c_t.l)
    0x301d19cd   0x00000003   PAD
    0x301d19d0   0x00000094   Data   RO          528    .constdata          c_t.l(bigflt0.o)(c_t.l)
    0x301d1a64   0x00000110   Data   RO          440    locale$$data        c_t.l(lc_ctype_c.o)(c_t.l)
    0x301d1b74   0x0000001c   Data   RO          552    locale$$data        c_t.l(lc_numeric_c.o)(c_t.l)


    Execution Region RW_RAM1 (Base: 0x30800000, Size: 0x000258d8, Max: 0x00800000, ABSOLUTE)

    Base Addr    Size         Type   Attr      Idx    E Section Name        Object

    0x30800000   0x00000048   Data   RW            3    .data               main.o
    0x30800048   0x00000008   Data   RW          128    .data               2440lib.o
    0x30800050   0x00000010   Data   RW          222    .data               eint.o
    0x30800060   0x0000000c   Data   RW          237    .data               io_api.o
    0x3080006c   0x00000054   Data   RW          253    .data               radio_api.o
    0x308000c0   0x00025800   Zero   RW          185    .bss                lcd_tft.o
    0x308258c0   0x00000014   Zero   RW          333    .bss                c_t.l(rt_locale.o)(c_t.l)
    0x308258d4   0x00000004   Zero   RW          338    .bss                c_t.l(rt_errno_addr.o)(c_t.l)


    Execution Region RW_IRAM1 (Base: 0x40000000, Size: 0x00000000, Max: 0x00001000, ABSOLUTE)

    **** No section assigned to this execution region ****


==============================================================================

Image component sizes


      Code (inc. data)   RO Data    RW Data    ZI Data      Debug   Object Name

      1976        268          0          0          0          0   2440init.o
      4396        448          0          8          0          0   2440lib.o
       436          0          0          0          0          0   2440slib.o
       472         24          0         16          0          0   eint.o
      1100          0          0          0          0          0   fm_i2c.o
      3060          4          0         12          0          0   io_api.o
      2504         56          0          0     153600          0   lcd_tft.o
       500         16    1882052         72          0          0   main.o
      1296         24          0         84          0          0   radio_api.o
         0          0          0          0          0          0   timer.o

    ----------------------------------------------------------------------
     15812        864    1882052        192     153600          0   Object Totals
        72         24          0          0          0          0   (incl. Generated)
         0          0          0          0          0          2   (incl. Padding)

    ----------------------------------------------------------------------

      Code (inc. data)   RO Data    RW Data    ZI Data      Debug   Library Member Name

         2          0          0          0          0          0   __printf.o
       424          4         17          0          0          0   __printf_flags_ss_wp.o
        34          0          0          0          0          0   _chval.o
         8          0          0          0          0          0   _printf_a.o
         8          0          0          0          0          0   _printf_c.o
        58          0          0          0          0          0   _printf_char.o
        48          4          0          0          0          0   _printf_char_common.o
        48          0          0          0          0          0   _printf_charcount.o
         8          0          0          0          0          0   _printf_d.o
       120         18          0          0          0          0   _printf_dec.o
         8          0          0          0          0          0   _printf_e.o
         8          0          0          0          0          0   _printf_f.o
      1040         14          0          0          0          0   _printf_fp_dec.o
       140         16          0          0          0          0   _printf_fp_infnan.o
         8          0          0          0          0          0   _printf_g.o
       168          4         40          0          0          0   _printf_hex_int_ll_ptr.o
         8          0          0          0          0          0   _printf_i.o
       182          0          0          0          0          0   _printf_intcommon.o
        12          0          0          0          0          0   _printf_l.o
         8          0          0          0          0          0   _printf_lc.o
        12          0          0          0          0          0   _printf_ll.o
         8          0          0          0          0          0   _printf_lld.o
         8          0          0          0          0          0   _printf_lli.o
         8          0          0          0          0          0   _printf_llo.o
         8          0          0          0          0          0   _printf_llu.o
         8          0          0          0          0          0   _printf_llx.o
       124         18          0          0          0          0   _printf_longlong_dec.o
         8          0          0          0          0          0   _printf_ls.o
         8          0          0          0          0          0   _printf_n.o
         8          0          0          0          0          0   _printf_o.o
       128         10          0          0          0          0   _printf_oct_int_ll.o
         8          0          0          0          0          0   _printf_p.o
        84          0          0          0          0          0   _printf_pad.o
         4          0          0          0          0          0   _printf_percent.o
         8          0          0          0          0          0   _printf_percent_end.o
         8          0          0          0          0          0   _printf_s.o
        88          0          0          0          0          0   _printf_str.o
        44          0          0          0          0          0   _printf_truncate.o
         8          0          0          0          0          0   _printf_u.o
        58          0          0          0          0          0   _printf_wchar.o
       194          4          8          0          0          0   _printf_wctomb.o
         8          0          0          0          0          0   _printf_x.o
        10          0          0          0          0          0   _sputc.o
       170          0          0          0          0          0   _strtoul.o
        76          0          0          0          0          0   _wcrtomb.o
       424          0          0          0          0          0   aeabi_sdiv.o
        38          0          0          0          0          0   atoi.o
       216          6        148          0          0          0   bigflt0.o
      2040        128          0          0          0          0   btod.o
        48          4          0          0          0          0   c89vsprintf.o
        80          8        272          0          0          0   lc_ctype_c.o
        80          8         28          0          0          0   lc_numeric_c.o
         0          0          0          0          0          0   libinit2.o
       164          0          0          0          0          0   lludiv10.o
        28          4          0          0          0          0   rt_ctype_table.o
        20          4          0          0          4          0   rt_errno_addr.o
        20          4          0          0         20          0   rt_locale.o
        84          0          0          0          0          0   rt_memclr_w.o
        48          0          0          0          0          0   rtudiv10.o
       160          4          0          0          0          0   strcmp.o
        76          4          0          0          0          0   strlen.o
       116          4          0          0          0          0   strtol.o
       916         16          0          0          0          0   daddsub_noclz.o
       736        140          0          0          0          0   ddiv.o
       112          4          0          0          0          0   dfix.o
        88          0          0          0          0          0   dflt_noclz.o
       192          0          0          0          0          0   dnaninf.o
        16          0          0          0          0          0   dretinf.o
        12          0          0          0          0          0   istatus.o
         4          0          0          0          0          0   printf1.o
         0          0          0          0          0          0   usenofp.o
        52          0          0          0          0          0   fpclassify.o

    ----------------------------------------------------------------------
      9220        430        516          0         24          0   Library Totals
        14          0          3          0          0          0   (incl. Padding)

    ----------------------------------------------------------------------

      Code (inc. data)   RO Data    RW Data    ZI Data      Debug   Library Name

      7078        270        513          0         24       4204   c_t.l
      2076        160          0          0          0        992   fz_ts.l
        52          0          0          0          0         68   m_ts.l

    ----------------------------------------------------------------------
      9220        430        516          0         24          0   Library Totals

    ----------------------------------------------------------------------

==============================================================================


      Code (inc. data)   RO Data    RW Data    ZI Data      Debug   

     25032       1294    1882568        192     153624      37472   Grand Totals
     25032       1294    1882568        192     153624      37472   ELF Image Totals
     25032       1294    1882568        192          0          0   ROM Totals

==============================================================================

    Total RO  Size (Code + RO Data)              1907600 (1862.89kB)
    Total RW  Size (RW Data + ZI Data)            153816 ( 150.21kB)
    Total ROM Size (Code + RO Data + RW Data)    1907792 (1863.08kB)

==============================================================================

